<html>
<body>
<pre>
<h1>µVision Build Log</h1>
<h2>Tool Versions:</h2>
IDE-Version: µVision V5.35.0.0
Copyright (C) 2021 ARM Ltd and ARM Germany GmbH. All rights reserved.
License Information: Support The Flex license: MDK Professional 5.35 (Flex) (mdk_pro) Operation stops: 20 Jan 2025
 
Tool Versions:
Toolchain:       MDK Professional 5.35 (Flex)  Version: 5.35.0.2
Toolchain Path:  c:\Keil_v5\ARM\ARMCC\Bin
C Compiler:      Armcc.exe V5.06 update 7 (build 960)
Assembler:       Armasm.exe V5.06 update 7 (build 960)
Linker/Locator:  ArmLink.exe V5.06 update 7 (build 960)
Library Manager: ArmAr.exe V5.06 update 7 (build 960)
Hex Converter:   FromElf.exe V5.06 update 7 (build 960)
CPU DLL:         SARMCM3.DLL V5.35.0.2
Dialog DLL:      DCM.DLL V1.17.3.0
Target DLL:      STLink\ST-LINKIII-KEIL_SWO.dll V3.0.9.0
Dialog DLL:      TCM.DLL V1.53.0.0
 
<h2>Project:</h2>
\\userfs\jw4034\w2k\big\dct-2023\MDK-ARM\jackie-mdkarm.uvprojx
Project File Date:  04/28/2023

<h2>Output:</h2>
*** Using Compiler 'V5.06 update 7 (build 960)', folder: 'c:\Keil_v5\ARM\ARMCC\Bin'
Build target 'jackie-mdkarm'
compiling main.c...
../Core/Src/button.h(3): warning:  #1-D: last line of file ends without a newline
  int Button_isPressed( void );
../Core/Src/main.c: 1 warning, 0 errors
linking...
Program Size: Code=6474 RO-data=442 RW-data=16 ZI-data=1848  
FromELF: creating hex file...
"jackie-mdkarm\jackie-mdkarm.axf" - 0 Error(s), 1 Warning(s).

<h2>Software Packages used:</h2>

Package Vendor: ARM
                http://www.keil.com/pack/ARM.CMSIS.5.8.0.pack
                ARM.CMSIS.5.8.0
                CMSIS (Common Microcontroller Software Interface Standard)
   * Component: CORE Version: 5.5.0

Package Vendor: Keil
                http://www.keil.com/pack/Keil.STM32F4xx_DFP.2.16.0.pack
                Keil.STM32F4xx_DFP.2.16.0
                STMicroelectronics STM32F4 Series Device Support, Drivers and Examples

<h2>Collection of Component include folders:</h2>
  .\RTE\_jackie-mdkarm
  C:\KEIL_V5\ARM\PACK\ARM\CMSIS\5.8.0\CMSIS\Core\Include
  C:\KEIL_V5\ARM\PACK\Keil\STM32F4xx_DFP\2.16.0\Drivers\CMSIS\Device\ST\STM32F4xx\Include

<h2>Collection of Component Files used:</h2>

   * Component: ARM::CMSIS:CORE:5.5.0
      Include file:  CMSIS\Core\Include\tz_context.h
Build Time Elapsed:  00:00:06
</pre>
</body>
</html>
