Component: ARM Compiler 5.06 update 7 (build 960) Tool: armlink [4d3601]

==============================================================================

Section Cross References

    startup_stm32f407xx.o(STACK) refers (Special) to heapauxi.o(.text) for __use_two_region_memory
    startup_stm32f407xx.o(HEAP) refers (Special) to heapauxi.o(.text) for __use_two_region_memory
    startup_stm32f407xx.o(RESET) refers (Special) to heapauxi.o(.text) for __use_two_region_memory
    startup_stm32f407xx.o(RESET) refers to startup_stm32f407xx.o(STACK) for __initial_sp
    startup_stm32f407xx.o(RESET) refers to startup_stm32f407xx.o(.text) for Reset_Handler
    startup_stm32f407xx.o(RESET) refers to stm32f4xx_it.o(i.NMI_Handler) for NMI_Handler
    startup_stm32f407xx.o(RESET) refers to stm32f4xx_it.o(i.HardFault_Handler) for HardFault_Handler
    startup_stm32f407xx.o(RESET) refers to stm32f4xx_it.o(i.MemManage_Handler) for MemManage_Handler
    startup_stm32f407xx.o(RESET) refers to stm32f4xx_it.o(i.BusFault_Handler) for BusFault_Handler
    startup_stm32f407xx.o(RESET) refers to stm32f4xx_it.o(i.UsageFault_Handler) for UsageFault_Handler
    startup_stm32f407xx.o(RESET) refers to stm32f4xx_it.o(i.SVC_Handler) for SVC_Handler
    startup_stm32f407xx.o(RESET) refers to stm32f4xx_it.o(i.DebugMon_Handler) for DebugMon_Handler
    startup_stm32f407xx.o(RESET) refers to stm32f4xx_it.o(i.PendSV_Handler) for PendSV_Handler
    startup_stm32f407xx.o(RESET) refers to stm32f4xx_it.o(i.SysTick_Handler) for SysTick_Handler
    startup_stm32f407xx.o(.text) refers (Special) to heapauxi.o(.text) for __use_two_region_memory
    startup_stm32f407xx.o(.text) refers to system_stm32f4xx.o(i.SystemInit) for SystemInit
    startup_stm32f407xx.o(.text) refers to __main.o(!!!main) for __main
    startup_stm32f407xx.o(.text) refers to startup_stm32f407xx.o(HEAP) for Heap_Mem
    startup_stm32f407xx.o(.text) refers to startup_stm32f407xx.o(STACK) for Stack_Mem
    lcd.o(i.LCD_Clear) refers to lcd.o(i.LCD_Write) for LCD_Write
    lcd.o(i.LCD_Delay) refers to system_stm32f4xx.o(.data) for SystemCoreClock
    lcd.o(i.LCD_GoToXY) refers to lcd.o(i.LCD_Write) for LCD_Write
    lcd.o(i.LCD_Init) refers to lcd.o(i.LCD_Set_As_Output) for LCD_Set_As_Output
    lcd.o(i.LCD_Init) refers to lcd.o(i.LCD_Is_Busy) for LCD_Is_Busy
    lcd.o(i.LCD_Init) refers to lcd.o(i.LCD_Delay) for LCD_Delay
    lcd.o(i.LCD_Init) refers to lcd.o(i.LCD_Write) for LCD_Write
    lcd.o(i.LCD_Is_Busy) refers to lcd.o(i.LCD_Set_As_Input) for LCD_Set_As_Input
    lcd.o(i.LCD_Is_Busy) refers to lcd.o(i.LCD_Delay) for LCD_Delay
    lcd.o(i.LCD_Is_Busy) refers to lcd.o(i.LCD_Read_Pin) for LCD_Read_Pin
    lcd.o(i.LCD_Is_Busy) refers to lcd.o(i.LCD_Set_As_Output) for LCD_Set_As_Output
    lcd.o(i.LCD_OverWriteString) refers to lcd.o(i.LCD_Write) for LCD_Write
    lcd.o(i.LCD_VoltToStr) refers to lcd.o(i.swap) for swap
    lcd.o(i.LCD_Write) refers to lcd.o(i.LCD_Is_Busy) for LCD_Is_Busy
    lcd.o(i.LCD_Write) refers to lcd.o(i.LCD_Delay) for LCD_Delay
    lcd.o(i.LCD_WriteChar) refers to lcd.o(i.LCD_Write) for LCD_Write
    lcd.o(i.LCD_WriteString) refers to lcd.o(i.LCD_Write) for LCD_Write
    adc.o(i.ADC1_Init) refers to stm32f4xx_hal_adc.o(i.HAL_ADC_Init) for HAL_ADC_Init
    adc.o(i.ADC1_Init) refers to stm32f4xx_hal_adc.o(i.HAL_ADC_ConfigChannel) for HAL_ADC_ConfigChannel
    adc.o(i.ADC1_Init) refers to adc.o(.bss) for .bss
    adc.o(i.ADC2_Init) refers to stm32f4xx_hal_adc.o(i.HAL_ADC_Init) for HAL_ADC_Init
    adc.o(i.ADC2_Init) refers to stm32f4xx_hal_adc.o(i.HAL_ADC_ConfigChannel) for HAL_ADC_ConfigChannel
    adc.o(i.ADC2_Init) refers to adc.o(.bss) for .bss
    adc.o(i.ADC3_Init) refers to stm32f4xx_hal_adc.o(i.HAL_ADC_Init) for HAL_ADC_Init
    adc.o(i.ADC3_Init) refers to stm32f4xx_hal_adc.o(i.HAL_ADC_ConfigChannel) for HAL_ADC_ConfigChannel
    adc.o(i.ADC3_Init) refers to adc.o(.bss) for .bss
    adc.o(i.ADC_Init) refers to adc.o(i.ADC1_Init) for ADC1_Init
    adc.o(i.ADC_Init) refers to adc.o(i.ADC2_Init) for ADC2_Init
    adc.o(i.ADC_Init) refers to adc.o(i.ADC3_Init) for ADC3_Init
    adc.o(i.ADC_Measure) refers to stm32f4xx_hal_adc.o(i.HAL_ADC_Start) for HAL_ADC_Start
    adc.o(i.ADC_Measure) refers to stm32f4xx_hal_adc.o(i.HAL_ADC_PollForConversion) for HAL_ADC_PollForConversion
    adc.o(i.ADC_Measure) refers to stm32f4xx_hal_adc.o(i.HAL_ADC_GetValue) for HAL_ADC_GetValue
    adc.o(i.ADC_Measure) refers to stm32f4xx_hal_adc.o(i.HAL_ADC_Stop) for HAL_ADC_Stop
    adc.o(i.ADC_Measure) refers to adc.o(.bss) for .bss
    main.o(i.SystemClock_Config) refers to rt_memclr_w.o(.text) for __aeabi_memclr4
    main.o(i.SystemClock_Config) refers to stm32f4xx_hal_rcc.o(i.HAL_RCC_OscConfig) for HAL_RCC_OscConfig
    main.o(i.SystemClock_Config) refers to stm32f4xx_hal_rcc.o(i.HAL_RCC_ClockConfig) for HAL_RCC_ClockConfig
    main.o(i.autoRange) refers to main.o(i.outputLogic0) for outputLogic0
[...]
    .ARM.Collect$$_printf_percent$$00000013  0x08000208   Section        6  _printf_c.o(.ARM.Collect$$_printf_percent$$00000013)
    .ARM.Collect$$_printf_percent$$00000017  0x0800020e   Section        4  _printf_percent_end.o(.ARM.Collect$$_printf_percent$$00000017)
    .ARM.Collect$$libinit$$00000000          0x08000212   Section        2  libinit.o(.ARM.Collect$$libinit$$00000000)
    .ARM.Collect$$libinit$$00000001          0x08000214   Section        4  libinit2.o(.ARM.Collect$$libinit$$00000001)
    .ARM.Collect$$libinit$$00000004          0x08000218   Section        0  libinit2.o(.ARM.Collect$$libinit$$00000004)
    .ARM.Collect$$libinit$$0000000A          0x08000218   Section        0  libinit2.o(.ARM.Collect$$libinit$$0000000A)
    .ARM.Collect$$libinit$$0000000C          0x08000218   Section        0  libinit2.o(.ARM.Collect$$libinit$$0000000C)
    .ARM.Collect$$libinit$$0000000E          0x08000218   Section        0  libinit2.o(.ARM.Collect$$libinit$$0000000E)
    .ARM.Collect$$libinit$$0000000F          0x08000218   Section        6  libinit2.o(.ARM.Collect$$libinit$$0000000F)
    .ARM.Collect$$libinit$$00000011          0x0800021e   Section        0  libinit2.o(.ARM.Collect$$libinit$$00000011)
    .ARM.Collect$$libinit$$00000013          0x0800021e   Section        0  libinit2.o(.ARM.Collect$$libinit$$00000013)
    .ARM.Collect$$libinit$$00000015          0x0800021e   Section        0  libinit2.o(.ARM.Collect$$libinit$$00000015)
    .ARM.Collect$$libinit$$00000016          0x0800021e   Section       10  libinit2.o(.ARM.Collect$$libinit$$00000016)
    .ARM.Collect$$libinit$$00000017          0x08000228   Section        0  libinit2.o(.ARM.Collect$$libinit$$00000017)
    .ARM.Collect$$libinit$$00000019          0x08000228   Section        0  libinit2.o(.ARM.Collect$$libinit$$00000019)
    .ARM.Collect$$libinit$$0000001B          0x08000228   Section        0  libinit2.o(.ARM.Collect$$libinit$$0000001B)
    .ARM.Collect$$libinit$$0000001D          0x08000228   Section        0  libinit2.o(.ARM.Collect$$libinit$$0000001D)
    .ARM.Collect$$libinit$$0000001F          0x08000228   Section        0  libinit2.o(.ARM.Collect$$libinit$$0000001F)
    .ARM.Collect$$libinit$$00000021          0x08000228   Section        0  libinit2.o(.ARM.Collect$$libinit$$00000021)
    .ARM.Collect$$libinit$$00000023          0x08000228   Section        0  libinit2.o(.ARM.Collect$$libinit$$00000023)
    .ARM.Collect$$libinit$$00000025          0x08000228   Section        0  libinit2.o(.ARM.Collect$$libinit$$00000025)
    .ARM.Collect$$libinit$$0000002C          0x08000228   Section        0  libinit2.o(.ARM.Collect$$libinit$$0000002C)
    .ARM.Collect$$libinit$$0000002E          0x08000228   Section        0  libinit2.o(.ARM.Collect$$libinit$$0000002E)
    .ARM.Collect$$libinit$$00000030          0x08000228   Section        0  libinit2.o(.ARM.Collect$$libinit$$00000030)
    .ARM.Collect$$libinit$$00000032          0x08000228   Section        0  libinit2.o(.ARM.Collect$$libinit$$00000032)
    .ARM.Collect$$libinit$$00000033          0x08000228   Section        2  libinit2.o(.ARM.Collect$$libinit$$00000033)
    .ARM.Collect$$libshutdown$$00000000      0x0800022a   Section        2  libshutdown.o(.ARM.Collect$$libshutdown$$00000000)
    .ARM.Collect$$libshutdown$$00000002      0x0800022c   Section        0  libshutdown2.o(.ARM.Collect$$libshutdown$$00000002)
    .ARM.Collect$$libshutdown$$00000004      0x0800022c   Section        0  libshutdown2.o(.ARM.Collect$$libshutdown$$00000004)
    .ARM.Collect$$libshutdown$$00000006      0x0800022c   Section        0  libshutdown2.o(.ARM.Collect$$libshutdown$$00000006)
    .ARM.Collect$$libshutdown$$00000009      0x0800022c   Section        0  libshutdown2.o(.ARM.Collect$$libshutdown$$00000009)
    .ARM.Collect$$libshutdown$$0000000C      0x0800022c   Section        0  libshutdown2.o(.ARM.Collect$$libshutdown$$0000000C)
    .ARM.Collect$$libshutdown$$0000000E      0x0800022c   Section        0  libshutdown2.o(.ARM.Collect$$libshutdown$$0000000E)
    .ARM.Collect$$libshutdown$$00000011      0x0800022c   Section        0  libshutdown2.o(.ARM.Collect$$libshutdown$$00000011)
    .ARM.Collect$$libshutdown$$00000012      0x0800022c   Section        2  libshutdown2.o(.ARM.Collect$$libshutdown$$00000012)
    .ARM.Collect$$rtentry$$00000000          0x0800022e   Section        0  __rtentry.o(.ARM.Collect$$rtentry$$00000000)
    .ARM.Collect$$rtentry$$00000002          0x0800022e   Section        0  __rtentry2.o(.ARM.Collect$$rtentry$$00000002)
    .ARM.Collect$$rtentry$$00000004          0x0800022e   Section        6  __rtentry4.o(.ARM.Collect$$rtentry$$00000004)
    .ARM.Collect$$rtentry$$00000009          0x08000234   Section        0  __rtentry2.o(.ARM.Collect$$rtentry$$00000009)
    .ARM.Collect$$rtentry$$0000000A          0x08000234   Section        4  __rtentry2.o(.ARM.Collect$$rtentry$$0000000A)
    .ARM.Collect$$rtentry$$0000000C          0x08000238   Section        0  __rtentry2.o(.ARM.Collect$$rtentry$$0000000C)
    .ARM.Collect$$rtentry$$0000000D          0x08000238   Section        8  __rtentry2.o(.ARM.Collect$$rtentry$$0000000D)
    .ARM.Collect$$rtexit$$00000000           0x08000240   Section        2  rtexit.o(.ARM.Collect$$rtexit$$00000000)
    .ARM.Collect$$rtexit$$00000002           0x08000242   Section        0  rtexit2.o(.ARM.Collect$$rtexit$$00000002)
    .ARM.Collect$$rtexit$$00000003           0x08000242   Section        4  rtexit2.o(.ARM.Collect$$rtexit$$00000003)
    .ARM.Collect$$rtexit$$00000004           0x08000246   Section        6  rtexit2.o(.ARM.Collect$$rtexit$$00000004)
    .text                                    0x0800024c   Section       64  startup_stm32f407xx.o(.text)
    $v0                                      0x0800024c   Number         0  startup_stm32f407xx.o(.text)
    .text                                    0x0800028c   Section      238  lludivv7m.o(.text)
    .text                                    0x0800037c   Section        0  noretval__2snprintf.o(.text)
    .text                                    0x080003b0   Section        0  __printf.o(.text)
    .text                                    0x08000418   Section        0  _printf_str.o(.text)
    .text                                    0x0800046c   Section        0  _printf_dec.o(.text)
    .text                                    0x080004e4   Section       78  rt_memclr_w.o(.text)
    .text                                    0x08000532   Section        0  heapauxi.o(.text)
    .text                                    0x08000538   Section        0  _rserrno.o(.text)
    .text                                    0x0800054e   Section        0  _printf_intcommon.o(.text)
    .text                                    0x08000600   Section        0  _printf_fp_dec.o(.text)
    _fp_digits                               0x08000603   Thumb Code   432  _printf_fp_dec.o(.text)
    .text                                    0x08000a20   Section        0  _printf_char_common.o(.text)
    _printf_input_char                       0x08000a21   Thumb Code    10  _printf_char_common.o(.text)
    .text                                    0x08000a50   Section        0  _sputc.o(.text)
    .text                                    0x08000a5a   Section        0  _snputc.o(.text)
    .text                                    0x08000a6a   Section        0  _printf_char.o(.text)
    .text                                    0x08000a98   Section        8  rt_locale_intlibspace.o(.text)
    .text                                    0x08000aa0   Section        8  rt_errno_addr_intlibspace.o(.text)
    .text                                    0x08000aa8   Section      138  lludiv10.o(.text)
    .text                                    0x08000b34   Section        0  _printf_fp_infnan.o(.text)
    .text                                    0x08000bb4   Section        0  bigflt0.o(.text)
    .text                                    0x08000c98   Section        8  libspace.o(.text)
    .text                                    0x08000ca0   Section       74  sys_stackheap_outer.o(.text)
    .text                                    0x08000cea   Section        0  exit.o(.text)
    .text                                    0x08000cfc   Section      128  strcmpv7m.o(.text)
    .text                                    0x08000d7c   Section        0  sys_exit.o(.text)
    .text                                    0x08000d88   Section        2  use_no_semi.o(.text)
    .text                                    0x08000d8a   Section        0  indicate_semi.o(.text)
    CL$$btod_d2e                             0x08000d8a   Section       62  btod.o(CL$$btod_d2e)
    CL$$btod_d2e_denorm_low                  0x08000dc8   Section       70  btod.o(CL$$btod_d2e_denorm_low)
    CL$$btod_d2e_norm_op1                    0x08000e0e   Section       96  btod.o(CL$$btod_d2e_norm_op1)
    CL$$btod_div_common                      0x08000e6e   Section      824  btod.o(CL$$btod_div_common)
    CL$$btod_e2e                             0x080011a6   Section      220  btod.o(CL$$btod_e2e)
    CL$$btod_ediv                            0x08001282   Section       42  btod.o(CL$$btod_ediv)
    CL$$btod_emul                            0x080012ac   Section       42  btod.o(CL$$btod_emul)
    CL$$btod_mult_common                     0x080012d6   Section      580  btod.o(CL$$btod_mult_common)
    i.ADC1_Init                              0x0800151c   Section        0  adc.o(i.ADC1_Init)
    ADC1_Init                                0x0800151d   Thumb Code    68  adc.o(i.ADC1_Init)
    i.ADC2_Init                              0x0800156c   Section        0  adc.o(i.ADC2_Init)
    ADC2_Init                                0x0800156d   Thumb Code    68  adc.o(i.ADC2_Init)
    i.ADC3_Init                              0x080015bc   Section        0  adc.o(i.ADC3_Init)
    ADC3_Init                                0x080015bd   Thumb Code    70  adc.o(i.ADC3_Init)
    i.ADC_Init                               0x08001610   Section        0  adc.o(i.ADC_Init)
    i.ADC_Init                               0x08001638   Section        0  stm32f4xx_hal_adc.o(i.ADC_Init)
    ADC_Init                                 0x08001639   Thumb Code   284  stm32f4xx_hal_adc.o(i.ADC_Init)
    i.ADC_Measure                            0x08001760   Section        0  adc.o(i.ADC_Measure)
    i.BusFault_Handler                       0x08001800   Section        0  stm32f4xx_it.o(i.BusFault_Handler)
    i.Button_init                            0x08001804   Section        0  button.o(i.Button_init)
    i.Button_isPressed                       0x0800183c   Section        0  button.o(i.Button_isPressed)
    i.DAC_Init                               0x08001864   Section        0  dac.o(i.DAC_Init)
    i.DAC_Output1kWave                       0x0800194c   Section        0  dac.o(i.DAC_Output1kWave)
    i.DebugMon_Handler                       0x080019b4   Section        0  stm32f4xx_it.o(i.DebugMon_Handler)
    i.HAL_ADC_ConfigChannel                  0x080019b8   Section        0  stm32f4xx_hal_adc.o(i.HAL_ADC_ConfigChannel)
    i.HAL_ADC_GetValue                       0x08001b04   Section        0  stm32f4xx_hal_adc.o(i.HAL_ADC_GetValue)
    i.HAL_ADC_Init                           0x08001b0a   Section        0  stm32f4xx_hal_adc.o(i.HAL_ADC_Init)
    i.HAL_ADC_MspInit                        0x08001b60   Section        0  stm32f4xx_hal_msp.o(i.HAL_ADC_MspInit)
    i.HAL_ADC_PollForConversion              0x08001c1c   Section        0  stm32f4xx_hal_adc.o(i.HAL_ADC_PollForConversion)
    i.HAL_ADC_Start                          0x08001cc8   Section        0  stm32f4xx_hal_adc.o(i.HAL_ADC_Start)
    i.HAL_ADC_Stop                           0x08001dc4   Section        0  stm32f4xx_hal_adc.o(i.HAL_ADC_Stop)
    i.HAL_Delay                              0x08001e00   Section        0  stm32f4xx_hal.o(i.HAL_Delay)
    i.HAL_GPIO_Init                          0x08001e24   Section        0  stm32f4xx_hal_gpio.o(i.HAL_GPIO_Init)
    i.HAL_GPIO_ReadPin                       0x08002014   Section        0  stm32f4xx_hal_gpio.o(i.HAL_GPIO_ReadPin)
    i.HAL_GetTick                            0x08002020   Section        0  stm32f4xx_hal.o(i.HAL_GetTick)
    i.HAL_IncTick                            0x0800202c   Section        0  stm32f4xx_hal.o(i.HAL_IncTick)
    i.HAL_Init                               0x0800203c   Section        0  stm32f4xx_hal.o(i.HAL_Init)
    i.HAL_InitTick                           0x08002070   Section        0  stm32f4xx_hal.o(i.HAL_InitTick)
    i.HAL_MspInit                            0x080020b0   Section        0  stm32f4xx_hal_msp.o(i.HAL_MspInit)
    i.HAL_NVIC_SetPriority                   0x080020e0   Section        0  stm32f4xx_hal_cortex.o(i.HAL_NVIC_SetPriority)
    i.HAL_NVIC_SetPriorityGrouping           0x08002120   Section        0  stm32f4xx_hal_cortex.o(i.HAL_NVIC_SetPriorityGrouping)
    i.HAL_RCC_ClockConfig                    0x08002144   Section        0  stm32f4xx_hal_rcc.o(i.HAL_RCC_ClockConfig)
    i.HAL_RCC_GetSysClockFreq                0x08002278   Section        0  stm32f4xx_hal_rcc.o(i.HAL_RCC_GetSysClockFreq)
    i.HAL_RCC_OscConfig                      0x080022dc   Section        0  stm32f4xx_hal_rcc.o(i.HAL_RCC_OscConfig)
    i.HAL_SYSTICK_Config                     0x08002648   Section        0  stm32f4xx_hal_cortex.o(i.HAL_SYSTICK_Config)
    i.HardFault_Handler                      0x08002670   Section        0  stm32f4xx_it.o(i.HardFault_Handler)
    i.LUT_Init                               0x08002674   Section        0  dac.o(i.LUT_Init)
    i.MemManage_Handler                      0x080027b0   Section        0  stm32f4xx_it.o(i.MemManage_Handler)
    i.NMI_Handler                            0x080027b2   Section        0  stm32f4xx_it.o(i.NMI_Handler)
    i.PB_LCD_Clear                           0x080027b4   Section        0  pb_lcd_drivers.o(i.PB_LCD_Clear)
    i.PB_LCD_GoToXY                          0x080027cc   Section        0  pb_lcd_drivers.o(i.PB_LCD_GoToXY)
    i.PB_LCD_Init                            0x08002800   Section        0  pb_lcd_drivers.o(i.PB_LCD_Init)
    i.PB_LCD_IsBusy                          0x080028f0   Section        0  pb_lcd_drivers.o(i.PB_LCD_IsBusy)
    i.PB_LCD_Microdelay                      0x08002978   Section        0  pb_lcd_drivers.o(i.PB_LCD_Microdelay)
    i.PB_LCD_Set_As_Input                    0x080029bc   Section        0  pb_lcd_drivers.o(i.PB_LCD_Set_As_Input)
    i.PB_LCD_Set_As_Output                   0x080029d8   Section        0  pb_lcd_drivers.o(i.PB_LCD_Set_As_Output)
    i.PB_LCD_Write                           0x08002a0c   Section        0  pb_lcd_drivers.o(i.PB_LCD_Write)
    i.PB_LCD_WriteChar                       0x08002a68   Section        0  pb_lcd_drivers.o(i.PB_LCD_WriteChar)
    i.PB_LCD_WriteString                     0x08002a80   Section        0  pb_lcd_drivers.o(i.PB_LCD_WriteString)
    i.PendSV_Handler                         0x08002aaa   Section        0  stm32f4xx_it.o(i.PendSV_Handler)
    i.SVC_Handler                            0x08002aac   Section        0  stm32f4xx_it.o(i.SVC_Handler)
    i.SysTick_Handler                        0x08002aae   Section        0  stm32f4xx_it.o(i.SysTick_Handler)
    i.SystemClock_Config                     0x08002ab4   Section        0  main.o(i.SystemClock_Config)
    i.SystemInit                             0x08002b24   Section        0  system_stm32f4xx.o(i.SystemInit)
    i.UsageFault_Handler                     0x08002b34   Section        0  stm32f4xx_it.o(i.UsageFault_Handler)
    i.__ARM_fpclassify                       0x08002b36   Section        0  fpclassify.o(i.__ARM_fpclassify)
    i.__NVIC_SetPriority                     0x08002b66   Section        0  stm32f4xx_hal_cortex.o(i.__NVIC_SetPriority)
    __NVIC_SetPriority                       0x08002b67   Thumb Code    32  stm32f4xx_hal_cortex.o(i.__NVIC_SetPriority)
    i.__hardfp_sin                           0x08002b88   Section        0  sin.o(i.__hardfp_sin)
    i.__ieee754_rem_pio2                     0x08002c50   Section        0  rred.o(i.__ieee754_rem_pio2)
    i.__kernel_cos                           0x08003088   Section        0  cos_i.o(i.__kernel_cos)
    i.__kernel_poly                          0x080031f8   Section        0  poly.o(i.__kernel_poly)
    i.__kernel_sin                           0x080032f0   Section        0  sin_i.o(i.__kernel_sin)
    i.__mathlib_dbl_infnan                   0x08003420   Section        0  dunder.o(i.__mathlib_dbl_infnan)
    i.__mathlib_dbl_invalid                  0x08003438   Section        0  dunder.o(i.__mathlib_dbl_invalid)
    i.__mathlib_dbl_underflow                0x08003458   Section        0  dunder.o(i.__mathlib_dbl_underflow)
    i.autoRange                              0x08003478   Section        0  main.o(i.autoRange)
    i.capacitanceFromImpedance               0x08003530   Section        0  main.o(i.capacitanceFromImpedance)
    i.fabs                                   0x080035a4   Section        0  fabs.o(i.fabs)
    i.impedanceFromVoltage                   0x080035bc   Section        0  main.o(i.impedanceFromVoltage)
    i.inductanceFromImpedance                0x08003614   Section        0  main.o(i.inductanceFromImpedance)
    i.main                                   0x08003670   Section        0  main.o(i.main)
    i.outputLogic0                           0x08003780   Section        0  main.o(i.outputLogic0)
    i.outputLogic1                           0x08003794   Section        0  main.o(i.outputLogic1)
    i.outputLogic2                           0x080037a4   Section        0  main.o(i.outputLogic2)
    i.printCapacitance                       0x080037b8   Section        0  main.o(i.printCapacitance)
    i.printInductance                        0x08003860   Section        0  main.o(i.printInductance)
    i.printResistance                        0x08003908   Section        0  main.o(i.printResistance)
    i.printTest                              0x080039a8   Section        0  main.o(i.printTest)
    locale$$code                             0x08003a40   Section       44  lc_numeric_c.o(locale$$code)
    x$fpl$basic                              0x08003a6c   Section       24  basic.o(x$fpl$basic)
    $v0                                      0x08003a6c   Number         0  basic.o(x$fpl$basic)
    x$fpl$d2f                                0x08003a84   Section       98  d2f.o(x$fpl$d2f)
    $v0                                      0x08003a84   Number         0  d2f.o(x$fpl$d2f)
    x$fpl$dadd                               0x08003ae8   Section      336  daddsub_clz.o(x$fpl$dadd)
    $v0                                      0x08003ae8   Number         0  daddsub_clz.o(x$fpl$dadd)
    _dadd1                                   0x08003af9   Thumb Code     0  daddsub_clz.o(x$fpl$dadd)
    x$fpl$ddiv                               0x08003c38   Section      688  ddiv.o(x$fpl$ddiv)
    $v0                                      0x08003c38   Number         0  ddiv.o(x$fpl$ddiv)
    ddiv_entry                               0x08003c3f   Thumb Code     0  ddiv.o(x$fpl$ddiv)
    x$fpl$dfix                               0x08003ee8   Section       94  dfix.o(x$fpl$dfix)
    $v0                                      0x08003ee8   Number         0  dfix.o(x$fpl$dfix)
    x$fpl$dflt                               0x08003f46   Section       46  dflt_clz.o(x$fpl$dflt)
    $v0                                      0x08003f46   Number         0  dflt_clz.o(x$fpl$dflt)
    x$fpl$dfltu                              0x08003f74   Section       38  dflt_clz.o(x$fpl$dfltu)
    $v0                                      0x08003f74   Number         0  dflt_clz.o(x$fpl$dfltu)
    x$fpl$dmul                               0x08003f9c   Section      340  dmul.o(x$fpl$dmul)
    $v0                                      0x08003f9c   Number         0  dmul.o(x$fpl$dmul)
    x$fpl$dnaninf                            0x080040f0   Section      156  dnaninf.o(x$fpl$dnaninf)
    $v0                                      0x080040f0   Number         0  dnaninf.o(x$fpl$dnaninf)
    x$fpl$dretinf                            0x0800418c   Section       12  dretinf.o(x$fpl$dretinf)
    $v0                                      0x0800418c   Number         0  dretinf.o(x$fpl$dretinf)
    x$fpl$drsb                               0x08004198   Section       22  daddsub_clz.o(x$fpl$drsb)
    $v0                                      0x08004198   Number         0  daddsub_clz.o(x$fpl$drsb)
    x$fpl$dsub                               0x080041b0   Section      468  daddsub_clz.o(x$fpl$dsub)
    $v0                                      0x080041b0   Number         0  daddsub_clz.o(x$fpl$dsub)
    _dsub1                                   0x080041c1   Thumb Code     0  daddsub_clz.o(x$fpl$dsub)
    x$fpl$f2d                                0x08004384   Section       86  f2d.o(x$fpl$f2d)
    $v0                                      0x08004384   Number         0  f2d.o(x$fpl$f2d)
    x$fpl$fnaninf                            0x080043da   Section      140  fnaninf.o(x$fpl$fnaninf)
    $v0                                      0x080043da   Number         0  fnaninf.o(x$fpl$fnaninf)
    x$fpl$fpinit                             0x08004466   Section       10  fpinit.o(x$fpl$fpinit)
    $v0                                      0x08004466   Number         0  fpinit.o(x$fpl$fpinit)
    x$fpl$fretinf                            0x08004470   Section       10  fretinf.o(x$fpl$fretinf)
    $v0                                      0x08004470   Number         0  fretinf.o(x$fpl$fretinf)
    x$fpl$printf1                            0x0800447a   Section        4  printf1.o(x$fpl$printf1)
    $v0                                      0x0800447a   Number         0  printf1.o(x$fpl$printf1)
    .constdata                               0x0800447e   Section       16  system_stm32f4xx.o(.constdata)
    x$fpl$usenofp                            0x0800447e   Section        0  usenofp.o(x$fpl$usenofp)
    .constdata                               0x08004490   Section       48  cos_i.o(.constdata)
    C                                        0x08004490   Data          48  cos_i.o(.constdata)
    .constdata                               0x080044c0   Section      200  rred.o(.constdata)
    pio2s                                    0x080044c0   Data          48  rred.o(.constdata)
    twooverpi                                0x080044f0   Data         152  rred.o(.constdata)
    .constdata                               0x08004588   Section       40  sin_i.o(.constdata)
    S                                        0x08004588   Data          40  sin_i.o(.constdata)
    .constdata                               0x080045b0   Section      148  bigflt0.o(.constdata)
    tenpwrs_x                                0x080045b0   Data          60  bigflt0.o(.constdata)
    tenpwrs_i                                0x080045ec   Data          64  bigflt0.o(.constdata)
    locale$$data                             0x08004664   Section       28  lc_numeric_c.o(locale$$data)
    __lcnum_c_name                           0x08004668   Data           2  lc_numeric_c.o(locale$$data)
    __lcnum_c_start                          0x08004670   Data           0  lc_numeric_c.o(locale$$data)
    __lcnum_c_point                          0x0800467c   Data           0  lc_numeric_c.o(locale$$data)
    __lcnum_c_thousands                      0x0800467e   Data           0  lc_numeric_c.o(locale$$data)
    __lcnum_c_grouping                       0x0800467f   Data           0  lc_numeric_c.o(locale$$data)
    __lcnum_c_end                            0x08004680   Data           0  lc_numeric_c.o(locale$$data)
    .data                                    0x20000000   Section        1  button.o(.data)
    prev_state                               0x20000000   Data           1  button.o(.data)
    .data                                    0x20000004   Section       12  stm32f4xx_hal.o(.data)
    .data                                    0x20000010   Section        4  system_stm32f4xx.o(.data)
    .bss                                     0x20000014   Section      216  adc.o(.bss)
    hadc1                                    0x20000014   Data          72  adc.o(.bss)
    hadc2                                    0x2000005c   Data          72  adc.o(.bss)
    hadc3                                    0x200000a4   Data          72  adc.o(.bss)
    .bss                                     0x200000ec   Section     1344  dac.o(.bss)
    .bss                                     0x2000062c   Section       96  libspace.o(.bss)
    HEAP                                     0x20000690   Section      512  startup_stm32f407xx.o(HEAP)
    Heap_Mem                                 0x20000690   Data         512  startup_stm32f407xx.o(HEAP)
    STACK                                    0x20000890   Section     1024  startup_stm32f407xx.o(STACK)
    Stack_Mem                                0x20000890   Data        1024  startup_stm32f407xx.o(STACK)
    __initial_sp                             0x20000c90   Data           0  startup_stm32f407xx.o(STACK)

    Global Symbols

    Symbol Name                              Value     Ov Type        Size  Object(Section)

    BuildAttributes$$THM_ISAv4$E$P$D$K$B$S$7EM$VFPi3$EXTD16$VFPS$VFMA$PE$A:L22UL41UL21$X:L11$S22US41US21$IEEE1$IW$USESV6$~STKCKD$USESV7$~SHL$OTIME$ROPI$IEEEX$EBA8$UX$STANDARDLIB$REQ8$PRES8$EABIv2 0x00000000   Number         0  anon$$obj.o ABSOLUTE
    __ARM_use_no_argv                        0x00000000   Number         0  main.o ABSOLUTE
    __ARM_exceptions_init                     - Undefined Weak Reference
    __alloca_initialize                       - Undefined Weak Reference
    __arm_fini_                               - Undefined Weak Reference
    __arm_preinit_                            - Undefined Weak Reference
    __cpp_initialize__aeabi_                  - Undefined Weak Reference
    __cxa_finalize                            - Undefined Weak Reference
    __sigvec_lookup                           - Undefined Weak Reference
    _atexit_init                              - Undefined Weak Reference
    _call_atexit_fns                          - Undefined Weak Reference
    _clock_init                               - Undefined Weak Reference
    _fp_trap_init                             - Undefined Weak Reference
    _fp_trap_shutdown                         - Undefined Weak Reference
    _get_lc_collate                           - Undefined Weak Reference
    _get_lc_ctype                             - Undefined Weak Reference
    _get_lc_monetary                          - Undefined Weak Reference
    _get_lc_time                              - Undefined Weak Reference
    _getenv_init                              - Undefined Weak Reference
    _handle_redirection                       - Undefined Weak Reference
    _init_alloc                               - Undefined Weak Reference
    _init_user_alloc                          - Undefined Weak Reference
    _initio                                   - Undefined Weak Reference
    _printf_mbtowc                            - Undefined Weak Reference
    _printf_post_padding                      - Undefined Weak Reference
    _printf_pre_padding                       - Undefined Weak Reference
    _printf_truncate_signed                   - Undefined Weak Reference
    _printf_truncate_unsigned                 - Undefined Weak Reference
    _rand_init                                - Undefined Weak Reference
    _signal_finish                            - Undefined Weak Reference
    _signal_init                              - Undefined Weak Reference
    _terminate_alloc                          - Undefined Weak Reference
    _terminate_user_alloc                     - Undefined Weak Reference
    _terminateio                              - Undefined Weak Reference
    __Vectors_Size                           0x00000188   Number         0  startup_stm32f407xx.o ABSOLUTE
    __Vectors                                0x08000000   Data           4  startup_stm32f407xx.o(RESET)
    __Vectors_End                            0x08000188   Data           0  startup_stm32f407xx.o(RESET)
    __main                                   0x08000189   Thumb Code     8  __main.o(!!!main)
    __scatterload                            0x08000191   Thumb Code     0  __scatter.o(!!!scatter)
    __scatterload_rt2                        0x08000191   Thumb Code    44  __scatter.o(!!!scatter)
    __scatterload_rt2_thumb_only             0x08000191   Thumb Code     0  __scatter.o(!!!scatter)
    __scatterload_null                       0x0800019f   Thumb Code     0  __scatter.o(!!!scatter)
    __scatterload_copy                       0x080001c5   Thumb Code    26  __scatter_copy.o(!!handler_copy)
    __scatterload_zeroinit                   0x080001e1   Thumb Code    28  __scatter_zi.o(!!handler_zi)
    _printf_f                                0x080001fd   Thumb Code     0  _printf_f.o(.ARM.Collect$$_printf_percent$$00000003)
    _printf_percent                          0x080001fd   Thumb Code     0  _printf_percent.o(.ARM.Collect$$_printf_percent$$00000000)
    _printf_d                                0x08000203   Thumb Code     0  _printf_d.o(.ARM.Collect$$_printf_percent$$00000009)
    _printf_c                                0x08000209   Thumb Code     0  _printf_c.o(.ARM.Collect$$_printf_percent$$00000013)
    _printf_percent_end                      0x0800020f   Thumb Code     0  _printf_percent_end.o(.ARM.Collect$$_printf_percent$$00000017)
    __rt_lib_init                            0x08000213   Thumb Code     0  libinit.o(.ARM.Collect$$libinit$$00000000)
    __rt_lib_init_fp_1                       0x08000215   Thumb Code     0  libinit2.o(.ARM.Collect$$libinit$$00000001)
    __rt_lib_init_heap_1                     0x08000219   Thumb Code     0  libinit2.o(.ARM.Collect$$libinit$$0000000A)
    __rt_lib_init_lc_common                  0x08000219   Thumb Code     0  libinit2.o(.ARM.Collect$$libinit$$0000000F)
    __rt_lib_init_preinit_1                  0x08000219   Thumb Code     0  libinit2.o(.ARM.Collect$$libinit$$00000004)
    __rt_lib_init_rand_1                     0x08000219   Thumb Code     0  libinit2.o(.ARM.Collect$$libinit$$0000000E)
    __rt_lib_init_user_alloc_1               0x08000219   Thumb Code     0  libinit2.o(.ARM.Collect$$libinit$$0000000C)
    __rt_lib_init_lc_collate_1               0x0800021f   Thumb Code     0  libinit2.o(.ARM.Collect$$libinit$$00000011)
    __rt_lib_init_lc_ctype_1                 0x0800021f   Thumb Code     0  libinit2.o(.ARM.Collect$$libinit$$00000013)
    __rt_lib_init_lc_monetary_1              0x0800021f   Thumb Code     0  libinit2.o(.ARM.Collect$$libinit$$00000015)
    __rt_lib_init_lc_numeric_2               0x0800021f   Thumb Code     0  libinit2.o(.ARM.Collect$$libinit$$00000016)
    __rt_lib_init_alloca_1                   0x08000229   Thumb Code     0  libinit2.o(.ARM.Collect$$libinit$$0000002E)
    __rt_lib_init_argv_1                     0x08000229   Thumb Code     0  libinit2.o(.ARM.Collect$$libinit$$0000002C)
    __rt_lib_init_atexit_1                   0x08000229   Thumb Code     0  libinit2.o(.ARM.Collect$$libinit$$0000001B)
    __rt_lib_init_clock_1                    0x08000229   Thumb Code     0  libinit2.o(.ARM.Collect$$libinit$$00000021)
    __rt_lib_init_cpp_1                      0x08000229   Thumb Code     0  libinit2.o(.ARM.Collect$$libinit$$00000032)
    __rt_lib_init_exceptions_1               0x08000229   Thumb Code     0  libinit2.o(.ARM.Collect$$libinit$$00000030)
    __rt_lib_init_fp_trap_1                  0x08000229   Thumb Code     0  libinit2.o(.ARM.Collect$$libinit$$0000001F)
    __rt_lib_init_getenv_1                   0x08000229   Thumb Code     0  libinit2.o(.ARM.Collect$$libinit$$00000023)
    __rt_lib_init_lc_numeric_1               0x08000229   Thumb Code     0  libinit2.o(.ARM.Collect$$libinit$$00000017)
    __rt_lib_init_lc_time_1                  0x08000229   Thumb Code     0  libinit2.o(.ARM.Collect$$libinit$$00000019)
    __rt_lib_init_return                     0x08000229   Thumb Code     0  libinit2.o(.ARM.Collect$$libinit$$00000033)
    __rt_lib_init_signal_1                   0x08000229   Thumb Code     0  libinit2.o(.ARM.Collect$$libinit$$0000001D)
    __rt_lib_init_stdio_1                    0x08000229   Thumb Code     0  libinit2.o(.ARM.Collect$$libinit$$00000025)
    __rt_lib_shutdown                        0x0800022b   Thumb Code     0  libshutdown.o(.ARM.Collect$$libshutdown$$00000000)
    __rt_lib_shutdown_cpp_1                  0x0800022d   Thumb Code     0  libshutdown2.o(.ARM.Collect$$libshutdown$$00000004)
    __rt_lib_shutdown_fini_1                 0x0800022d   Thumb Code     0  libshutdown2.o(.ARM.Collect$$libshutdown$$00000002)
    __rt_lib_shutdown_fp_trap_1              0x0800022d   Thumb Code     0  libshutdown2.o(.ARM.Collect$$libshutdown$$00000009)
    __rt_lib_shutdown_heap_1                 0x0800022d   Thumb Code     0  libshutdown2.o(.ARM.Collect$$libshutdown$$00000011)
    __rt_lib_shutdown_return                 0x0800022d   Thumb Code     0  libshutdown2.o(.ARM.Collect$$libshutdown$$00000012)
    __rt_lib_shutdown_signal_1               0x0800022d   Thumb Code     0  libshutdown2.o(.ARM.Collect$$libshutdown$$0000000C)
    __rt_lib_shutdown_stdio_1                0x0800022d   Thumb Code     0  libshutdown2.o(.ARM.Collect$$libshutdown$$00000006)
    __rt_lib_shutdown_user_alloc_1           0x0800022d   Thumb Code     0  libshutdown2.o(.ARM.Collect$$libshutdown$$0000000E)
    __rt_entry                               0x0800022f   Thumb Code     0  __rtentry.o(.ARM.Collect$$rtentry$$00000000)
    __rt_entry_presh_1                       0x0800022f   Thumb Code     0  __rtentry2.o(.ARM.Collect$$rtentry$$00000002)
    __rt_entry_sh                            0x0800022f   Thumb Code     0  __rtentry4.o(.ARM.Collect$$rtentry$$00000004)
    __rt_entry_li                            0x08000235   Thumb Code     0  __rtentry2.o(.ARM.Collect$$rtentry$$0000000A)
    __rt_entry_postsh_1                      0x08000235   Thumb Code     0  __rtentry2.o(.ARM.Collect$$rtentry$$00000009)
    __rt_entry_main                          0x08000239   Thumb Code     0  __rtentry2.o(.ARM.Collect$$rtentry$$0000000D)
    __rt_entry_postli_1                      0x08000239   Thumb Code     0  __rtentry2.o(.ARM.Collect$$rtentry$$0000000C)
    __rt_exit                                0x08000241   Thumb Code     0  rtexit.o(.ARM.Collect$$rtexit$$00000000)
    __rt_exit_ls                             0x08000243   Thumb Code     0  rtexit2.o(.ARM.Collect$$rtexit$$00000003)
    __rt_exit_prels_1                        0x08000243   Thumb Code     0  rtexit2.o(.ARM.Collect$$rtexit$$00000002)
    __rt_exit_exit                           0x08000247   Thumb Code     0  rtexit2.o(.ARM.Collect$$rtexit$$00000004)
    Reset_Handler                            0x0800024d   Thumb Code     8  startup_stm32f407xx.o(.text)
    ADC_IRQHandler                           0x08000267   Thumb Code     0  startup_stm32f407xx.o(.text)
    CAN1_RX0_IRQHandler                      0x08000267   Thumb Code     0  startup_stm32f407xx.o(.text)
    CAN1_RX1_IRQHandler                      0x08000267   Thumb Code     0  startup_stm32f407xx.o(.text)
    CAN1_SCE_IRQHandler                      0x08000267   Thumb Code     0  startup_stm32f407xx.o(.text)
    CAN1_TX_IRQHandler                       0x08000267   Thumb Code     0  startup_stm32f407xx.o(.text)
    CAN2_RX0_IRQHandler                      0x08000267   Thumb Code     0  startup_stm32f407xx.o(.text)
    CAN2_RX1_IRQHandler                      0x08000267   Thumb Code     0  startup_stm32f407xx.o(.text)
    CAN2_SCE_IRQHandler                      0x08000267   Thumb Code     0  startup_stm32f407xx.o(.text)
    CAN2_TX_IRQHandler                       0x08000267   Thumb Code     0  startup_stm32f407xx.o(.text)
    DCMI_IRQHandler                          0x08000267   Thumb Code     0  startup_stm32f407xx.o(.text)
    DMA1_Stream0_IRQHandler                  0x08000267   Thumb Code     0  startup_stm32f407xx.o(.text)
    DMA1_Stream1_IRQHandler                  0x08000267   Thumb Code     0  startup_stm32f407xx.o(.text)
    DMA1_Stream2_IRQHandler                  0x08000267   Thumb Code     0  startup_stm32f407xx.o(.text)
    DMA1_Stream3_IRQHandler                  0x08000267   Thumb Code     0  startup_stm32f407xx.o(.text)
    DMA1_Stream4_IRQHandler                  0x08000267   Thumb Code     0  startup_stm32f407xx.o(.text)
    DMA1_Stream5_IRQHandler                  0x08000267   Thumb Code     0  startup_stm32f407xx.o(.text)
    DMA1_Stream6_IRQHandler                  0x08000267   Thumb Code     0  startup_stm32f407xx.o(.text)
    DMA1_Stream7_IRQHandler                  0x08000267   Thumb Code     0  startup_stm32f407xx.o(.text)
    DMA2_Stream0_IRQHandler                  0x08000267   Thumb Code     0  startup_stm32f407xx.o(.text)
    DMA2_Stream1_IRQHandler                  0x08000267   Thumb Code     0  startup_stm32f407xx.o(.text)
    DMA2_Stream2_IRQHandler                  0x08000267   Thumb Code     0  startup_stm32f407xx.o(.text)
    DMA2_Stream3_IRQHandler                  0x08000267   Thumb Code     0  startup_stm32f407xx.o(.text)
    DMA2_Stream4_IRQHandler                  0x08000267   Thumb Code     0  startup_stm32f407xx.o(.text)
    DMA2_Stream5_IRQHandler                  0x08000267   Thumb Code     0  startup_stm32f407xx.o(.text)
    DMA2_Stream6_IRQHandler                  0x08000267   Thumb Code     0  startup_stm32f407xx.o(.text)
    DMA2_Stream7_IRQHandler                  0x08000267   Thumb Code     0  startup_stm32f407xx.o(.text)
    ETH_IRQHandler                           0x08000267   Thumb Code     0  startup_stm32f407xx.o(.text)
    ETH_WKUP_IRQHandler                      0x08000267   Thumb Code     0  startup_stm32f407xx.o(.text)
    EXTI0_IRQHandler                         0x08000267   Thumb Code     0  startup_stm32f407xx.o(.text)
    EXTI15_10_IRQHandler                     0x08000267   Thumb Code     0  startup_stm32f407xx.o(.text)
    EXTI1_IRQHandler                         0x08000267   Thumb Code     0  startup_stm32f407xx.o(.text)
    EXTI2_IRQHandler                         0x08000267   Thumb Code     0  startup_stm32f407xx.o(.text)
    EXTI3_IRQHandler                         0x08000267   Thumb Code     0  startup_stm32f407xx.o(.text)
    EXTI4_IRQHandler                         0x08000267   Thumb Code     0  startup_stm32f407xx.o(.text)
    EXTI9_5_IRQHandler                       0x08000267   Thumb Code     0  startup_stm32f407xx.o(.text)
    FLASH_IRQHandler                         0x08000267   Thumb Code     0  startup_stm32f407xx.o(.text)
    FMC_IRQHandler                           0x08000267   Thumb Code     0  startup_stm32f407xx.o(.text)
    FPU_IRQHandler                           0x08000267   Thumb Code     0  startup_stm32f407xx.o(.text)
    HASH_RNG_IRQHandler                      0x08000267   Thumb Code     0  startup_stm32f407xx.o(.text)
    I2C1_ER_IRQHandler                       0x08000267   Thumb Code     0  startup_stm32f407xx.o(.text)
    I2C1_EV_IRQHandler                       0x08000267   Thumb Code     0  startup_stm32f407xx.o(.text)
    I2C2_ER_IRQHandler                       0x08000267   Thumb Code     0  startup_stm32f407xx.o(.text)
    I2C2_EV_IRQHandler                       0x08000267   Thumb Code     0  startup_stm32f407xx.o(.text)
    I2C3_ER_IRQHandler                       0x08000267   Thumb Code     0  startup_stm32f407xx.o(.text)
    I2C3_EV_IRQHandler                       0x08000267   Thumb Code     0  startup_stm32f407xx.o(.text)
    OTG_FS_IRQHandler                        0x08000267   Thumb Code     0  startup_stm32f407xx.o(.text)
    OTG_FS_WKUP_IRQHandler                   0x08000267   Thumb Code     0  startup_stm32f407xx.o(.text)
    OTG_HS_EP1_IN_IRQHandler                 0x08000267   Thumb Code     0  startup_stm32f407xx.o(.text)
    OTG_HS_EP1_OUT_IRQHandler                0x08000267   Thumb Code     0  startup_stm32f407xx.o(.text)
    OTG_HS_IRQHandler                        0x08000267   Thumb Code     0  startup_stm32f407xx.o(.text)
    OTG_HS_WKUP_IRQHandler                   0x08000267   Thumb Code     0  startup_stm32f407xx.o(.text)
    PVD_IRQHandler                           0x08000267   Thumb Code     0  startup_stm32f407xx.o(.text)
    RCC_IRQHandler                           0x08000267   Thumb Code     0  startup_stm32f407xx.o(.text)
    RTC_Alarm_IRQHandler                     0x08000267   Thumb Code     0  startup_stm32f407xx.o(.text)
    RTC_WKUP_IRQHandler                      0x08000267   Thumb Code     0  startup_stm32f407xx.o(.text)
    SDIO_IRQHandler                          0x08000267   Thumb Code     0  startup_stm32f407xx.o(.text)
    SPI1_IRQHandler                          0x08000267   Thumb Code     0  startup_stm32f407xx.o(.text)
    SPI2_IRQHandler                          0x08000267   Thumb Code     0  startup_stm32f407xx.o(.text)
    SPI3_IRQHandler                          0x08000267   Thumb Code     0  startup_stm32f407xx.o(.text)
    TAMP_STAMP_IRQHandler                    0x08000267   Thumb Code     0  startup_stm32f407xx.o(.text)
    TIM1_BRK_TIM9_IRQHandler                 0x08000267   Thumb Code     0  startup_stm32f407xx.o(.text)
    TIM1_CC_IRQHandler                       0x08000267   Thumb Code     0  startup_stm32f407xx.o(.text)
    TIM1_TRG_COM_TIM11_IRQHandler            0x08000267   Thumb Code     0  startup_stm32f407xx.o(.text)
    TIM1_UP_TIM10_IRQHandler                 0x08000267   Thumb Code     0  startup_stm32f407xx.o(.text)
    TIM2_IRQHandler                          0x08000267   Thumb Code     0  startup_stm32f407xx.o(.text)
    TIM3_IRQHandler                          0x08000267   Thumb Code     0  startup_stm32f407xx.o(.text)
    TIM4_IRQHandler                          0x08000267   Thumb Code     0  startup_stm32f407xx.o(.text)
    TIM5_IRQHandler                          0x08000267   Thumb Code     0  startup_stm32f407xx.o(.text)
    TIM6_DAC_IRQHandler                      0x08000267   Thumb Code     0  startup_stm32f407xx.o(.text)
    TIM7_IRQHandler                          0x08000267   Thumb Code     0  startup_stm32f407xx.o(.text)
    TIM8_BRK_TIM12_IRQHandler                0x08000267   Thumb Code     0  startup_stm32f407xx.o(.text)
    TIM8_CC_IRQHandler                       0x08000267   Thumb Code     0  startup_stm32f407xx.o(.text)
    TIM8_TRG_COM_TIM14_IRQHandler            0x08000267   Thumb Code     0  startup_stm32f407xx.o(.text)
    TIM8_UP_TIM13_IRQHandler                 0x08000267   Thumb Code     0  startup_stm32f407xx.o(.text)
    UART4_IRQHandler                         0x08000267   Thumb Code     0  startup_stm32f407xx.o(.text)
    UART5_IRQHandler                         0x08000267   Thumb Code     0  startup_stm32f407xx.o(.text)
    USART1_IRQHandler                        0x08000267   Thumb Code     0  startup_stm32f407xx.o(.text)
    USART2_IRQHandler                        0x08000267   Thumb Code     0  startup_stm32f407xx.o(.text)
    USART3_IRQHandler                        0x08000267   Thumb Code     0  startup_stm32f407xx.o(.text)
    USART6_IRQHandler                        0x08000267   Thumb Code     0  startup_stm32f407xx.o(.text)
    WWDG_IRQHandler                          0x08000267   Thumb Code     0  startup_stm32f407xx.o(.text)
    __user_initial_stackheap                 0x08000269   Thumb Code     0  startup_stm32f407xx.o(.text)
    __aeabi_uldivmod                         0x0800028d   Thumb Code     0  lludivv7m.o(.text)
    _ll_udiv                                 0x0800028d   Thumb Code   238  lludivv7m.o(.text)
    __2snprintf                              0x0800037d   Thumb Code    48  noretval__2snprintf.o(.text)
    __printf                                 0x080003b1   Thumb Code   104  __printf.o(.text)
    _printf_str                              0x08000419   Thumb Code    82  _printf_str.o(.text)
    _printf_int_dec                          0x0800046d   Thumb Code   104  _printf_dec.o(.text)
    __aeabi_memclr4                          0x080004e5   Thumb Code     0  rt_memclr_w.o(.text)
    __aeabi_memclr8                          0x080004e5   Thumb Code     0  rt_memclr_w.o(.text)
    __rt_memclr_w                            0x080004e5   Thumb Code    78  rt_memclr_w.o(.text)
    _memset_w                                0x080004e9   Thumb Code     0  rt_memclr_w.o(.text)
    __use_two_region_memory                  0x08000533   Thumb Code     2  heapauxi.o(.text)
    __rt_heap_escrow$2region                 0x08000535   Thumb Code     2  heapauxi.o(.text)
    __rt_heap_expand$2region                 0x08000537   Thumb Code     2  heapauxi.o(.text)
    __read_errno                             0x08000539   Thumb Code    10  _rserrno.o(.text)
    __set_errno                              0x08000543   Thumb Code    12  _rserrno.o(.text)
    _printf_int_common                       0x0800054f   Thumb Code   178  _printf_intcommon.o(.text)
    __lib_sel_fp_printf                      0x08000601   Thumb Code     2  _printf_fp_dec.o(.text)
    _printf_fp_dec_real                      0x080007b3   Thumb Code   620  _printf_fp_dec.o(.text)
    _printf_char_common                      0x08000a2b   Thumb Code    32  _printf_char_common.o(.text)
    _sputc                                   0x08000a51   Thumb Code    10  _sputc.o(.text)
    _snputc                                  0x08000a5b   Thumb Code    16  _snputc.o(.text)
    _printf_cs_common                        0x08000a6b   Thumb Code    20  _printf_char.o(.text)
    _printf_char                             0x08000a7f   Thumb Code    16  _printf_char.o(.text)
    _printf_string                           0x08000a8f   Thumb Code     8  _printf_char.o(.text)
    __rt_locale                              0x08000a99   Thumb Code     8  rt_locale_intlibspace.o(.text)
    __aeabi_errno_addr                       0x08000aa1   Thumb Code     8  rt_errno_addr_intlibspace.o(.text)
    __errno$intlibspace                      0x08000aa1   Thumb Code     0  rt_errno_addr_intlibspace.o(.text)
    __rt_errno_addr$intlibspace              0x08000aa1   Thumb Code     0  rt_errno_addr_intlibspace.o(.text)
    _ll_udiv10                               0x08000aa9   Thumb Code   138  lludiv10.o(.text)
    _printf_fp_infnan                        0x08000b35   Thumb Code   112  _printf_fp_infnan.o(.text)
    _btod_etento                             0x08000bb5   Thumb Code   224  bigflt0.o(.text)
    __user_libspace                          0x08000c99   Thumb Code     8  libspace.o(.text)
    __user_perproc_libspace                  0x08000c99   Thumb Code     0  libspace.o(.text)
    __user_perthread_libspace                0x08000c99   Thumb Code     0  libspace.o(.text)
    __user_setup_stackheap                   0x08000ca1   Thumb Code    74  sys_stackheap_outer.o(.text)
    exit                                     0x08000ceb   Thumb Code    18  exit.o(.text)
    strcmp                                   0x08000cfd   Thumb Code   128  strcmpv7m.o(.text)
    _sys_exit                                0x08000d7d   Thumb Code     8  sys_exit.o(.text)
    __I$use$semihosting                      0x08000d89   Thumb Code     0  use_no_semi.o(.text)
    __use_no_semihosting_swi                 0x08000d89   Thumb Code     2  use_no_semi.o(.text)
    __semihosting_library_function           0x08000d8b   Thumb Code     0  indicate_semi.o(.text)
    _btod_d2e                                0x08000d8b   Thumb Code    62  btod.o(CL$$btod_d2e)
    _d2e_denorm_low                          0x08000dc9   Thumb Code    70  btod.o(CL$$btod_d2e_denorm_low)
    _d2e_norm_op1                            0x08000e0f   Thumb Code    96  btod.o(CL$$btod_d2e_norm_op1)
    __btod_div_common                        0x08000e6f   Thumb Code   696  btod.o(CL$$btod_div_common)
    _e2e                                     0x080011a7   Thumb Code   220  btod.o(CL$$btod_e2e)
    _btod_ediv                               0x08001283   Thumb Code    42  btod.o(CL$$btod_ediv)
    _btod_emul                               0x080012ad   Thumb Code    42  btod.o(CL$$btod_emul)
    __btod_mult_common                       0x080012d7   Thumb Code   580  btod.o(CL$$btod_mult_common)
    ADC_Init                                 0x08001611   Thumb Code    36  adc.o(i.ADC_Init)
    ADC_Measure                              0x08001761   Thumb Code   156  adc.o(i.ADC_Measure)
    BusFault_Handler                         0x08001801   Thumb Code     2  stm32f4xx_it.o(i.BusFault_Handler)
    Button_init                              0x08001805   Thumb Code    46  button.o(i.Button_init)
    Button_isPressed                         0x0800183d   Thumb Code    30  button.o(i.Button_isPressed)
    DAC_Init                                 0x08001865   Thumb Code   208  dac.o(i.DAC_Init)
    DAC_Output1kWave                         0x0800194d   Thumb Code    88  dac.o(i.DAC_Output1kWave)
    DebugMon_Handler                         0x080019b5   Thumb Code     2  stm32f4xx_it.o(i.DebugMon_Handler)
    HAL_ADC_ConfigChannel                    0x080019b9   Thumb Code   316  stm32f4xx_hal_adc.o(i.HAL_ADC_ConfigChannel)
    HAL_ADC_GetValue                         0x08001b05   Thumb Code     6  stm32f4xx_hal_adc.o(i.HAL_ADC_GetValue)
    HAL_ADC_Init                             0x08001b0b   Thumb Code    84  stm32f4xx_hal_adc.o(i.HAL_ADC_Init)
    HAL_ADC_MspInit                          0x08001b61   Thumb Code   168  stm32f4xx_hal_msp.o(i.HAL_ADC_MspInit)
    HAL_ADC_PollForConversion                0x08001c1d   Thumb Code   170  stm32f4xx_hal_adc.o(i.HAL_ADC_PollForConversion)
    HAL_ADC_Start                            0x08001cc9   Thumb Code   228  stm32f4xx_hal_adc.o(i.HAL_ADC_Start)
    HAL_ADC_Stop                             0x08001dc5   Thumb Code    60  stm32f4xx_hal_adc.o(i.HAL_ADC_Stop)
    HAL_Delay                                0x08001e01   Thumb Code    32  stm32f4xx_hal.o(i.HAL_Delay)
    HAL_GPIO_Init                            0x08001e25   Thumb Code   450  stm32f4xx_hal_gpio.o(i.HAL_GPIO_Init)
    HAL_GPIO_ReadPin                         0x08002015   Thumb Code    10  stm32f4xx_hal_gpio.o(i.HAL_GPIO_ReadPin)
    HAL_GetTick                              0x08002021   Thumb Code     6  stm32f4xx_hal.o(i.HAL_GetTick)
    HAL_IncTick                              0x0800202d   Thumb Code    12  stm32f4xx_hal.o(i.HAL_IncTick)
    HAL_Init                                 0x0800203d   Thumb Code    48  stm32f4xx_hal.o(i.HAL_Init)
    HAL_InitTick                             0x08002071   Thumb Code    54  stm32f4xx_hal.o(i.HAL_InitTick)
    HAL_MspInit                              0x080020b1   Thumb Code    42  stm32f4xx_hal_msp.o(i.HAL_MspInit)
    HAL_NVIC_SetPriority                     0x080020e1   Thumb Code    60  stm32f4xx_hal_cortex.o(i.HAL_NVIC_SetPriority)
    HAL_NVIC_SetPriorityGrouping             0x08002121   Thumb Code    26  stm32f4xx_hal_cortex.o(i.HAL_NVIC_SetPriorityGrouping)
    HAL_RCC_ClockConfig                      0x08002145   Thumb Code   288  stm32f4xx_hal_rcc.o(i.HAL_RCC_ClockConfig)
    HAL_RCC_GetSysClockFreq                  0x08002279   Thumb Code    88  stm32f4xx_hal_rcc.o(i.HAL_RCC_GetSysClockFreq)
    HAL_RCC_OscConfig                        0x080022dd   Thumb Code   856  stm32f4xx_hal_rcc.o(i.HAL_RCC_OscConfig)
    HAL_SYSTICK_Config                       0x08002649   Thumb Code    40  stm32f4xx_hal_cortex.o(i.HAL_SYSTICK_Config)
    HardFault_Handler                        0x08002671   Thumb Code     2  stm32f4xx_it.o(i.HardFault_Handler)
    LUT_Init                                 0x08002675   Thumb Code   276  dac.o(i.LUT_Init)
    MemManage_Handler                        0x080027b1   Thumb Code     2  stm32f4xx_it.o(i.MemManage_Handler)
    NMI_Handler                              0x080027b3   Thumb Code     2  stm32f4xx_it.o(i.NMI_Handler)
    PB_LCD_Clear                             0x080027b5   Thumb Code    24  pb_lcd_drivers.o(i.PB_LCD_Clear)
    PB_LCD_GoToXY                            0x080027cd   Thumb Code    50  pb_lcd_drivers.o(i.PB_LCD_GoToXY)
    PB_LCD_Init                              0x08002801   Thumb Code   224  pb_lcd_drivers.o(i.PB_LCD_Init)
    PB_LCD_IsBusy                            0x080028f1   Thumb Code   126  pb_lcd_drivers.o(i.PB_LCD_IsBusy)
    PB_LCD_Microdelay                        0x08002979   Thumb Code    58  pb_lcd_drivers.o(i.PB_LCD_Microdelay)
    PB_LCD_Set_As_Input                      0x080029bd   Thumb Code    28  pb_lcd_drivers.o(i.PB_LCD_Set_As_Input)
    PB_LCD_Set_As_Output                     0x080029d9   Thumb Code    52  pb_lcd_drivers.o(i.PB_LCD_Set_As_Output)
    PB_LCD_Write                             0x08002a0d   Thumb Code    82  pb_lcd_drivers.o(i.PB_LCD_Write)
    PB_LCD_WriteChar                         0x08002a69   Thumb Code    24  pb_lcd_drivers.o(i.PB_LCD_WriteChar)
    PB_LCD_WriteString                       0x08002a81   Thumb Code    42  pb_lcd_drivers.o(i.PB_LCD_WriteString)
    PendSV_Handler                           0x08002aab   Thumb Code     2  stm32f4xx_it.o(i.PendSV_Handler)
    SVC_Handler                              0x08002aad   Thumb Code     2  stm32f4xx_it.o(i.SVC_Handler)
    SysTick_Handler                          0x08002aaf   Thumb Code     4  stm32f4xx_it.o(i.SysTick_Handler)
    SystemClock_Config                       0x08002ab5   Thumb Code   102  main.o(i.SystemClock_Config)
    SystemInit                               0x08002b25   Thumb Code    12  system_stm32f4xx.o(i.SystemInit)
    UsageFault_Handler                       0x08002b35   Thumb Code     2  stm32f4xx_it.o(i.UsageFault_Handler)
    __ARM_fpclassify                         0x08002b37   Thumb Code    48  fpclassify.o(i.__ARM_fpclassify)
    __hardfp_sin                             0x08002b89   Thumb Code   180  sin.o(i.__hardfp_sin)
    __ieee754_rem_pio2                       0x08002c51   Thumb Code   938  rred.o(i.__ieee754_rem_pio2)
    __kernel_cos                             0x08003089   Thumb Code   322  cos_i.o(i.__kernel_cos)
    __kernel_poly                            0x080031f9   Thumb Code   248  poly.o(i.__kernel_poly)
    __kernel_sin                             0x080032f1   Thumb Code   280  sin_i.o(i.__kernel_sin)
    __mathlib_dbl_infnan                     0x08003421   Thumb Code    20  dunder.o(i.__mathlib_dbl_infnan)
    __mathlib_dbl_invalid                    0x08003439   Thumb Code    24  dunder.o(i.__mathlib_dbl_invalid)
    __mathlib_dbl_underflow                  0x08003459   Thumb Code    24  dunder.o(i.__mathlib_dbl_underflow)
    autoRange                                0x08003479   Thumb Code   184  main.o(i.autoRange)
    capacitanceFromImpedance                 0x08003531   Thumb Code    96  main.o(i.capacitanceFromImpedance)
    fabs                                     0x080035a5   Thumb Code    24  fabs.o(i.fabs)
    impedanceFromVoltage                     0x080035bd   Thumb Code    78  main.o(i.impedanceFromVoltage)
    inductanceFromImpedance                  0x08003615   Thumb Code    78  main.o(i.inductanceFromImpedance)
    main                                     0x08003671   Thumb Code   256  main.o(i.main)
    outputLogic0                             0x08003781   Thumb Code    16  main.o(i.outputLogic0)
    outputLogic1                             0x08003795   Thumb Code    12  main.o(i.outputLogic1)
    outputLogic2                             0x080037a5   Thumb Code    14  main.o(i.outputLogic2)
    printCapacitance                         0x080037b9   Thumb Code   128  main.o(i.printCapacitance)
    printInductance                          0x08003861   Thumb Code   128  main.o(i.printInductance)
    printResistance                          0x08003909   Thumb Code   118  main.o(i.printResistance)
    printTest                                0x080039a9   Thumb Code   122  main.o(i.printTest)
    _get_lc_numeric                          0x08003a41   Thumb Code    44  lc_numeric_c.o(locale$$code)
    __aeabi_dneg                             0x08003a6d   Thumb Code     0  basic.o(x$fpl$basic)
    _dneg                                    0x08003a6d   Thumb Code     6  basic.o(x$fpl$basic)
    __aeabi_fneg                             0x08003a73   Thumb Code     0  basic.o(x$fpl$basic)
    _fneg                                    0x08003a73   Thumb Code     6  basic.o(x$fpl$basic)
    _dabs                                    0x08003a79   Thumb Code     6  basic.o(x$fpl$basic)
    _fabs                                    0x08003a7f   Thumb Code     6  basic.o(x$fpl$basic)
    __aeabi_d2f                              0x08003a85   Thumb Code     0  d2f.o(x$fpl$d2f)
    _d2f                                     0x08003a85   Thumb Code    98  d2f.o(x$fpl$d2f)
    __aeabi_dadd                             0x08003ae9   Thumb Code     0  daddsub_clz.o(x$fpl$dadd)
    _dadd                                    0x08003ae9   Thumb Code   332  daddsub_clz.o(x$fpl$dadd)
    __aeabi_ddiv                             0x08003c39   Thumb Code     0  ddiv.o(x$fpl$ddiv)
    _ddiv                                    0x08003c39   Thumb Code   552  ddiv.o(x$fpl$ddiv)
    __aeabi_d2iz                             0x08003ee9   Thumb Code     0  dfix.o(x$fpl$dfix)
    _dfix                                    0x08003ee9   Thumb Code    94  dfix.o(x$fpl$dfix)
    __aeabi_i2d                              0x08003f47   Thumb Code     0  dflt_clz.o(x$fpl$dflt)
    _dflt                                    0x08003f47   Thumb Code    46  dflt_clz.o(x$fpl$dflt)
    __aeabi_ui2d                             0x08003f75   Thumb Code     0  dflt_clz.o(x$fpl$dfltu)
    _dfltu                                   0x08003f75   Thumb Code    38  dflt_clz.o(x$fpl$dfltu)
    __aeabi_dmul                             0x08003f9d   Thumb Code     0  dmul.o(x$fpl$dmul)
    _dmul                                    0x08003f9d   Thumb Code   332  dmul.o(x$fpl$dmul)
    __fpl_dnaninf                            0x080040f1   Thumb Code   156  dnaninf.o(x$fpl$dnaninf)
    __fpl_dretinf                            0x0800418d   Thumb Code    12  dretinf.o(x$fpl$dretinf)
    __aeabi_drsub                            0x08004199   Thumb Code     0  daddsub_clz.o(x$fpl$drsb)
    _drsb                                    0x08004199   Thumb Code    22  daddsub_clz.o(x$fpl$drsb)
    __aeabi_dsub                             0x080041b1   Thumb Code     0  daddsub_clz.o(x$fpl$dsub)
    _dsub                                    0x080041b1   Thumb Code   464  daddsub_clz.o(x$fpl$dsub)
    __aeabi_f2d                              0x08004385   Thumb Code     0  f2d.o(x$fpl$f2d)
    _f2d                                     0x08004385   Thumb Code    86  f2d.o(x$fpl$f2d)
    __fpl_fnaninf                            0x080043db   Thumb Code   140  fnaninf.o(x$fpl$fnaninf)
    _fp_init                                 0x08004467   Thumb Code    10  fpinit.o(x$fpl$fpinit)
    __fplib_config_fpu_vfp                   0x0800446f   Thumb Code     0  fpinit.o(x$fpl$fpinit)
    __fplib_config_pureend_doubles           0x0800446f   Thumb Code     0  fpinit.o(x$fpl$fpinit)
    __fpl_fretinf                            0x08004471   Thumb Code    10  fretinf.o(x$fpl$fretinf)
    _printf_fp_dec                           0x0800447b   Thumb Code     4  printf1.o(x$fpl$printf1)
    AHBPrescTable                            0x0800447e   Data          16  system_stm32f4xx.o(.constdata)
    __I$use$fp                               0x0800447e   Number         0  usenofp.o(x$fpl$usenofp)
    Region$$Table$$Base                      0x08004644   Number         0  anon$$obj.o(Region$$Table)
    Region$$Table$$Limit                     0x08004664   Number         0  anon$$obj.o(Region$$Table)
    uwTickFreq                               0x20000004   Data           1  stm32f4xx_hal.o(.data)
    uwTickPrio                               0x20000008   Data           4  stm32f4xx_hal.o(.data)
    uwTick                                   0x2000000c   Data           4  stm32f4xx_hal.o(.data)
    SystemCoreClock                          0x20000010   Data           4  system_stm32f4xx.o(.data)
    waveform1kdata                           0x200000ec   Data        1024  dac.o(.bss)
    waveform10kdata                          0x200004ec   Data         256  dac.o(.bss)
    waveform100kdata                         0x200005ec   Data          64  dac.o(.bss)
    __libspace_start                         0x2000062c   Data          96  libspace.o(.bss)
    __temporary_stack_top$libspace           0x2000068c   Data           0  libspace.o(.bss)



==============================================================================

Memory Map of the image

  Image Entry point : 0x08000189

  Load Region LR_IROM1 (Base: 0x08000000, Size: 0x00004694, Max: 0x00100000, ABSOLUTE)

    Execution Region ER_IROM1 (Exec base: 0x08000000, Load base: 0x08000000, Size: 0x00004680, Max: 0x00100000, ABSOLUTE)

    Exec Addr    Load Addr    Size         Type   Attr      Idx    E Section Name        Object

    0x08000000   0x08000000   0x00000188   Data   RO            3    RESET               startup_stm32f407xx.o
    0x08000188   0x08000188   0x00000008   Code   RO         3136  * !!!main             c_w.l(__main.o)
    0x08000190   0x08000190   0x00000034   Code   RO         3457    !!!scatter          c_w.l(__scatter.o)
    0x080001c4   0x080001c4   0x0000001a   Code   RO         3459    !!handler_copy      c_w.l(__scatter_copy.o)
    0x080001de   0x080001de   0x00000002   PAD
    0x080001e0   0x080001e0   0x0000001c   Code   RO         3461    !!handler_zi        c_w.l(__scatter_zi.o)
    0x080001fc   0x080001fc   0x00000000   Code   RO         3131    .ARM.Collect$$_printf_percent$$00000000  c_w.l(_printf_percent.o)
    0x080001fc   0x080001fc   0x00000006   Code   RO         3130    .ARM.Collect$$_printf_percent$$00000003  c_w.l(_printf_f.o)
    0x08000202   0x08000202   0x00000006   Code   RO         3129    .ARM.Collect$$_printf_percent$$00000009  c_w.l(_printf_d.o)
    0x08000208   0x08000208   0x00000006   Code   RO         3128    .ARM.Collect$$_printf_percent$$00000013  c_w.l(_printf_c.o)
    0x0800020e   0x0800020e   0x00000004   Code   RO         3187    .ARM.Collect$$_printf_percent$$00000017  c_w.l(_printf_percent_end.o)
    0x08000212   0x08000212   0x00000002   Code   RO         3328    .ARM.Collect$$libinit$$00000000  c_w.l(libinit.o)
    0x08000214   0x08000214   0x00000004   Code   RO         3329    .ARM.Collect$$libinit$$00000001  c_w.l(libinit2.o)
    0x08000218   0x08000218   0x00000000   Code   RO         3332    .ARM.Collect$$libinit$$00000004  c_w.l(libinit2.o)
    0x08000218   0x08000218   0x00000000   Code   RO         3335    .ARM.Collect$$libinit$$0000000A  c_w.l(libinit2.o)
    0x08000218   0x08000218   0x00000000   Code   RO         3337    .ARM.Collect$$libinit$$0000000C  c_w.l(libinit2.o)
    0x08000218   0x08000218   0x00000000   Code   RO         3339    .ARM.Collect$$libinit$$0000000E  c_w.l(libinit2.o)
    0x08000218   0x08000218   0x00000006   Code   RO         3340    .ARM.Collect$$libinit$$0000000F  c_w.l(libinit2.o)
    0x0800021e   0x0800021e   0x00000000   Code   RO         3342    .ARM.Collect$$libinit$$00000011  c_w.l(libinit2.o)
    0x0800021e   0x0800021e   0x00000000   Code   RO         3344    .ARM.Collect$$libinit$$00000013  c_w.l(libinit2.o)
    0x0800021e   0x0800021e   0x00000000   Code   RO         3346    .ARM.Collect$$libinit$$00000015  c_w.l(libinit2.o)
    0x0800021e   0x0800021e   0x0000000a   Code   RO         3347    .ARM.Collect$$libinit$$00000016  c_w.l(libinit2.o)
    0x08000228   0x08000228   0x00000000   Code   RO         3348    .ARM.Collect$$libinit$$00000017  c_w.l(libinit2.o)
    0x08000228   0x08000228   0x00000000   Code   RO         3350    .ARM.Collect$$libinit$$00000019  c_w.l(libinit2.o)
    0x08000228   0x08000228   0x00000000   Code   RO         3352    .ARM.Collect$$libinit$$0000001B  c_w.l(libinit2.o)
    0x08000228   0x08000228   0x00000000   Code   RO         3354    .ARM.Collect$$libinit$$0000001D  c_w.l(libinit2.o)
    0x08000228   0x08000228   0x00000000   Code   RO         3356    .ARM.Collect$$libinit$$0000001F  c_w.l(libinit2.o)
    0x08000228   0x08000228   0x00000000   Code   RO         3358    .ARM.Collect$$libinit$$00000021  c_w.l(libinit2.o)
    0x08000228   0x08000228   0x00000000   Code   RO         3360    .ARM.Collect$$libinit$$00000023  c_w.l(libinit2.o)
    0x08000228   0x08000228   0x00000000   Code   RO         3362    .ARM.Collect$$libinit$$00000025  c_w.l(libinit2.o)
    0x08000228   0x08000228   0x00000000   Code   RO         3366    .ARM.Collect$$libinit$$0000002C  c_w.l(libinit2.o)
    0x08000228   0x08000228   0x00000000   Code   RO         3368    .ARM.Collect$$libinit$$0000002E  c_w.l(libinit2.o)
    0x08000228   0x08000228   0x00000000   Code   RO         3370    .ARM.Collect$$libinit$$00000030  c_w.l(libinit2.o)
    0x08000228   0x08000228   0x00000000   Code   RO         3372    .ARM.Collect$$libinit$$00000032  c_w.l(libinit2.o)
    0x08000228   0x08000228   0x00000002   Code   RO         3373    .ARM.Collect$$libinit$$00000033  c_w.l(libinit2.o)
    0x0800022a   0x0800022a   0x00000002   Code   RO         3420    .ARM.Collect$$libshutdown$$00000000  c_w.l(libshutdown.o)
    0x0800022c   0x0800022c   0x00000000   Code   RO         3438    .ARM.Collect$$libshutdown$$00000002  c_w.l(libshutdown2.o)
    0x0800022c   0x0800022c   0x00000000   Code   RO         3440    .ARM.Collect$$libshutdown$$00000004  c_w.l(libshutdown2.o)
    0x0800022c   0x0800022c   0x00000000   Code   RO         3442    .ARM.Collect$$libshutdown$$00000006  c_w.l(libshutdown2.o)
    0x0800022c   0x0800022c   0x00000000   Code   RO         3445    .ARM.Collect$$libshutdown$$00000009  c_w.l(libshutdown2.o)
    0x0800022c   0x0800022c   0x00000000   Code   RO         3448    .ARM.Collect$$libshutdown$$0000000C  c_w.l(libshutdown2.o)
    0x0800022c   0x0800022c   0x00000000   Code   RO         3450    .ARM.Collect$$libshutdown$$0000000E  c_w.l(libshutdown2.o)
    0x0800022c   0x0800022c   0x00000000   Code   RO         3453    .ARM.Collect$$libshutdown$$00000011  c_w.l(libshutdown2.o)
    0x0800022c   0x0800022c   0x00000002   Code   RO         3454    .ARM.Collect$$libshutdown$$00000012  c_w.l(libshutdown2.o)
    0x0800022e   0x0800022e   0x00000000   Code   RO         3168    .ARM.Collect$$rtentry$$00000000  c_w.l(__rtentry.o)
    0x0800022e   0x0800022e   0x00000000   Code   RO         3228    .ARM.Collect$$rtentry$$00000002  c_w.l(__rtentry2.o)
    0x0800022e   0x0800022e   0x00000006   Code   RO         3240    .ARM.Collect$$rtentry$$00000004  c_w.l(__rtentry4.o)
    0x08000234   0x08000234   0x00000000   Code   RO         3230    .ARM.Collect$$rtentry$$00000009  c_w.l(__rtentry2.o)
    0x08000234   0x08000234   0x00000004   Code   RO         3231    .ARM.Collect$$rtentry$$0000000A  c_w.l(__rtentry2.o)
    0x08000238   0x08000238   0x00000000   Code   RO         3233    .ARM.Collect$$rtentry$$0000000C  c_w.l(__rtentry2.o)
    0x08000238   0x08000238   0x00000008   Code   RO         3234    .ARM.Collect$$rtentry$$0000000D  c_w.l(__rtentry2.o)
    0x08000240   0x08000240   0x00000002   Code   RO         3374    .ARM.Collect$$rtexit$$00000000  c_w.l(rtexit.o)
    0x08000242   0x08000242   0x00000000   Code   RO         3389    .ARM.Collect$$rtexit$$00000002  c_w.l(rtexit2.o)
    0x08000242   0x08000242   0x00000004   Code   RO         3390    .ARM.Collect$$rtexit$$00000003  c_w.l(rtexit2.o)
    0x08000246   0x08000246   0x00000006   Code   RO         3391    .ARM.Collect$$rtexit$$00000004  c_w.l(rtexit2.o)
    0x0800024c   0x0800024c   0x00000040   Code   RO            4    .text               startup_stm32f407xx.o
    0x0800028c   0x0800028c   0x000000ee   Code   RO         3096    .text               c_w.l(lludivv7m.o)
    0x0800037a   0x0800037a   0x00000002   PAD
    0x0800037c   0x0800037c   0x00000034   Code   RO         3100    .text               c_w.l(noretval__2snprintf.o)
    0x080003b0   0x080003b0   0x00000068   Code   RO         3102    .text               c_w.l(__printf.o)
    0x08000418   0x08000418   0x00000052   Code   RO         3104    .text               c_w.l(_printf_str.o)
    0x0800046a   0x0800046a   0x00000002   PAD
    0x0800046c   0x0800046c   0x00000078   Code   RO         3106    .text               c_w.l(_printf_dec.o)
    0x080004e4   0x080004e4   0x0000004e   Code   RO         3132    .text               c_w.l(rt_memclr_w.o)
    0x08000532   0x08000532   0x00000006   Code   RO         3134    .text               c_w.l(heapauxi.o)
    0x08000538   0x08000538   0x00000016   Code   RO         3173    .text               c_w.l(_rserrno.o)
    0x0800054e   0x0800054e   0x000000b2   Code   RO         3175    .text               c_w.l(_printf_intcommon.o)
    0x08000600   0x08000600   0x0000041e   Code   RO         3177    .text               c_w.l(_printf_fp_dec.o)
    0x08000a1e   0x08000a1e   0x00000002   PAD
    0x08000a20   0x08000a20   0x00000030   Code   RO         3179    .text               c_w.l(_printf_char_common.o)
    0x08000a50   0x08000a50   0x0000000a   Code   RO         3181    .text               c_w.l(_sputc.o)
    0x08000a5a   0x08000a5a   0x00000010   Code   RO         3183    .text               c_w.l(_snputc.o)
    0x08000a6a   0x08000a6a   0x0000002c   Code   RO         3185    .text               c_w.l(_printf_char.o)
    0x08000a96   0x08000a96   0x00000002   PAD
    0x08000a98   0x08000a98   0x00000008   Code   RO         3247    .text               c_w.l(rt_locale_intlibspace.o)
    0x08000aa0   0x08000aa0   0x00000008   Code   RO         3252    .text               c_w.l(rt_errno_addr_intlibspace.o)
    0x08000aa8   0x08000aa8   0x0000008a   Code   RO         3254    .text               c_w.l(lludiv10.o)
    0x08000b32   0x08000b32   0x00000002   PAD
    0x08000b34   0x08000b34   0x00000080   Code   RO         3256    .text               c_w.l(_printf_fp_infnan.o)
    0x08000bb4   0x08000bb4   0x000000e4   Code   RO         3260    .text               c_w.l(bigflt0.o)
    0x08000c98   0x08000c98   0x00000008   Code   RO         3310    .text               c_w.l(libspace.o)
    0x08000ca0   0x08000ca0   0x0000004a   Code   RO         3313    .text               c_w.l(sys_stackheap_outer.o)
    0x08000cea   0x08000cea   0x00000012   Code   RO         3315    .text               c_w.l(exit.o)
    0x08000cfc   0x08000cfc   0x00000080   Code   RO         3321    .text               c_w.l(strcmpv7m.o)
    0x08000d7c   0x08000d7c   0x0000000c   Code   RO         3386    .text               c_w.l(sys_exit.o)
    0x08000d88   0x08000d88   0x00000002   Code   RO         3407    .text               c_w.l(use_no_semi.o)
    0x08000d8a   0x08000d8a   0x00000000   Code   RO         3409    .text               c_w.l(indicate_semi.o)
    0x08000d8a   0x08000d8a   0x0000003e   Code   RO         3263    CL$$btod_d2e        c_w.l(btod.o)
    0x08000dc8   0x08000dc8   0x00000046   Code   RO         3265    CL$$btod_d2e_denorm_low  c_w.l(btod.o)
    0x08000e0e   0x08000e0e   0x00000060   Code   RO         3264    CL$$btod_d2e_norm_op1  c_w.l(btod.o)
    0x08000e6e   0x08000e6e   0x00000338   Code   RO         3273    CL$$btod_div_common  c_w.l(btod.o)
    0x080011a6   0x080011a6   0x000000dc   Code   RO         3270    CL$$btod_e2e        c_w.l(btod.o)
    0x08001282   0x08001282   0x0000002a   Code   RO         3267    CL$$btod_ediv       c_w.l(btod.o)
    0x080012ac   0x080012ac   0x0000002a   Code   RO         3266    CL$$btod_emul       c_w.l(btod.o)
    0x080012d6   0x080012d6   0x00000244   Code   RO         3272    CL$$btod_mult_common  c_w.l(btod.o)
    0x0800151a   0x0800151a   0x00000002   PAD
    0x0800151c   0x0800151c   0x00000050   Code   RO          216    i.ADC1_Init         adc.o
    0x0800156c   0x0800156c   0x00000050   Code   RO          217    i.ADC2_Init         adc.o
    0x080015bc   0x080015bc   0x00000054   Code   RO          218    i.ADC3_Init         adc.o
    0x08001610   0x08001610   0x00000028   Code   RO          219    i.ADC_Init          adc.o
    0x08001638   0x08001638   0x00000128   Code   RO          679    i.ADC_Init          stm32f4xx_hal_adc.o
    0x08001760   0x08001760   0x000000a0   Code   RO          220    i.ADC_Measure       adc.o
    0x08001800   0x08001800   0x00000002   Code   RO          376    i.BusFault_Handler  stm32f4xx_it.o
    0x08001802   0x08001802   0x00000002   PAD
    0x08001804   0x08001804   0x00000038   Code   RO          589    i.Button_init       button.o
    0x0800183c   0x0800183c   0x00000028   Code   RO          590    i.Button_isPressed  button.o
    0x08001864   0x08001864   0x000000e8   Code   RO          621    i.DAC_Init          dac.o
    0x0800194c   0x0800194c   0x00000068   Code   RO          624    i.DAC_Output1kWave  dac.o
    0x080019b4   0x080019b4   0x00000002   Code   RO          377    i.DebugMon_Handler  stm32f4xx_it.o
    0x080019b6   0x080019b6   0x00000002   PAD
    0x080019b8   0x080019b8   0x0000014c   Code   RO          681    i.HAL_ADC_ConfigChannel  stm32f4xx_hal_adc.o
    0x08001b04   0x08001b04   0x00000006   Code   RO          688    i.HAL_ADC_GetValue  stm32f4xx_hal_adc.o
    0x08001b0a   0x08001b0a   0x00000054   Code   RO          690    i.HAL_ADC_Init      stm32f4xx_hal_adc.o
    0x08001b5e   0x08001b5e   0x00000002   PAD
    0x08001b60   0x08001b60   0x000000bc   Code   RO          452    i.HAL_ADC_MspInit   stm32f4xx_hal_msp.o
    0x08001c1c   0x08001c1c   0x000000aa   Code   RO          694    i.HAL_ADC_PollForConversion  stm32f4xx_hal_adc.o
    0x08001cc6   0x08001cc6   0x00000002   PAD
    0x08001cc8   0x08001cc8   0x000000fc   Code   RO          696    i.HAL_ADC_Start     stm32f4xx_hal_adc.o
    0x08001dc4   0x08001dc4   0x0000003c   Code   RO          699    i.HAL_ADC_Stop      stm32f4xx_hal_adc.o
    0x08001e00   0x08001e00   0x00000024   Code   RO         1835    i.HAL_Delay         stm32f4xx_hal.o
    0x08001e24   0x08001e24   0x000001f0   Code   RO         1309    i.HAL_GPIO_Init     stm32f4xx_hal_gpio.o
    0x08002014   0x08002014   0x0000000a   Code   RO         1311    i.HAL_GPIO_ReadPin  stm32f4xx_hal_gpio.o
    0x0800201e   0x0800201e   0x00000002   PAD
    0x08002020   0x08002020   0x0000000c   Code   RO         1841    i.HAL_GetTick       stm32f4xx_hal.o
    0x0800202c   0x0800202c   0x00000010   Code   RO         1847    i.HAL_IncTick       stm32f4xx_hal.o
    0x0800203c   0x0800203c   0x00000034   Code   RO         1848    i.HAL_Init          stm32f4xx_hal.o
    0x08002070   0x08002070   0x00000040   Code   RO         1849    i.HAL_InitTick      stm32f4xx_hal.o
    0x080020b0   0x080020b0   0x00000030   Code   RO          453    i.HAL_MspInit       stm32f4xx_hal_msp.o
    0x080020e0   0x080020e0   0x00000040   Code   RO         1704    i.HAL_NVIC_SetPriority  stm32f4xx_hal_cortex.o
    0x08002120   0x08002120   0x00000024   Code   RO         1705    i.HAL_NVIC_SetPriorityGrouping  stm32f4xx_hal_cortex.o
    0x08002144   0x08002144   0x00000134   Code   RO          955    i.HAL_RCC_ClockConfig  stm32f4xx_hal_rcc.o
    0x08002278   0x08002278   0x00000064   Code   RO          964    i.HAL_RCC_GetSysClockFreq  stm32f4xx_hal_rcc.o
    0x080022dc   0x080022dc   0x0000036c   Code   RO          967    i.HAL_RCC_OscConfig  stm32f4xx_hal_rcc.o
    0x08002648   0x08002648   0x00000028   Code   RO         1709    i.HAL_SYSTICK_Config  stm32f4xx_hal_cortex.o
    0x08002670   0x08002670   0x00000002   Code   RO          378    i.HardFault_Handler  stm32f4xx_it.o
    0x08002672   0x08002672   0x00000002   PAD
    0x08002674   0x08002674   0x0000013c   Code   RO          625    i.LUT_Init          dac.o
    0x080027b0   0x080027b0   0x00000002   Code   RO          379    i.MemManage_Handler  stm32f4xx_it.o
    0x080027b2   0x080027b2   0x00000002   Code   RO          380    i.NMI_Handler       stm32f4xx_it.o
    0x080027b4   0x080027b4   0x00000018   Code   RO          499    i.PB_LCD_Clear      pb_lcd_drivers.o
    0x080027cc   0x080027cc   0x00000032   Code   RO          500    i.PB_LCD_GoToXY     pb_lcd_drivers.o
    0x080027fe   0x080027fe   0x00000002   PAD
    0x08002800   0x08002800   0x000000f0   Code   RO          501    i.PB_LCD_Init       pb_lcd_drivers.o
    0x080028f0   0x080028f0   0x00000088   Code   RO          502    i.PB_LCD_IsBusy     pb_lcd_drivers.o
    0x08002978   0x08002978   0x00000044   Code   RO          503    i.PB_LCD_Microdelay  pb_lcd_drivers.o
    0x080029bc   0x080029bc   0x0000001c   Code   RO          504    i.PB_LCD_Set_As_Input  pb_lcd_drivers.o
    0x080029d8   0x080029d8   0x00000034   Code   RO          505    i.PB_LCD_Set_As_Output  pb_lcd_drivers.o
    0x08002a0c   0x08002a0c   0x0000005c   Code   RO          506    i.PB_LCD_Write      pb_lcd_drivers.o
    0x08002a68   0x08002a68   0x00000018   Code   RO          507    i.PB_LCD_WriteChar  pb_lcd_drivers.o
    0x08002a80   0x08002a80   0x0000002a   Code   RO          508    i.PB_LCD_WriteString  pb_lcd_drivers.o
    0x08002aaa   0x08002aaa   0x00000002   Code   RO          381    i.PendSV_Handler    stm32f4xx_it.o
    0x08002aac   0x08002aac   0x00000002   Code   RO          382    i.SVC_Handler       stm32f4xx_it.o
    0x08002aae   0x08002aae   0x00000004   Code   RO          383    i.SysTick_Handler   stm32f4xx_it.o
    0x08002ab2   0x08002ab2   0x00000002   PAD
    0x08002ab4   0x08002ab4   0x00000070   Code   RO          266    i.SystemClock_Config  main.o
    0x08002b24   0x08002b24   0x00000010   Code   RO         3060    i.SystemInit        system_stm32f4xx.o
    0x08002b34   0x08002b34   0x00000002   Code   RO          384    i.UsageFault_Handler  stm32f4xx_it.o
    0x08002b36   0x08002b36   0x00000030   Code   RO         3306    i.__ARM_fpclassify  m_wm.l(fpclassify.o)
    0x08002b66   0x08002b66   0x00000020   Code   RO         1711    i.__NVIC_SetPriority  stm32f4xx_hal_cortex.o
    0x08002b86   0x08002b86   0x00000002   PAD
    0x08002b88   0x08002b88   0x000000c8   Code   RO         3156    i.__hardfp_sin      m_wm.l(sin.o)
    0x08002c50   0x08002c50   0x00000438   Code   RO         3216    i.__ieee754_rem_pio2  m_wm.l(rred.o)
    0x08003088   0x08003088   0x00000170   Code   RO         3199    i.__kernel_cos      m_wm.l(cos_i.o)
    0x080031f8   0x080031f8   0x000000f8   Code   RO         3308    i.__kernel_poly     m_wm.l(poly.o)
    0x080032f0   0x080032f0   0x00000130   Code   RO         3221    i.__kernel_sin      m_wm.l(sin_i.o)
    0x08003420   0x08003420   0x00000014   Code   RO         3203    i.__mathlib_dbl_infnan  m_wm.l(dunder.o)
    0x08003434   0x08003434   0x00000004   PAD
    0x08003438   0x08003438   0x00000020   Code   RO         3205    i.__mathlib_dbl_invalid  m_wm.l(dunder.o)
    0x08003458   0x08003458   0x00000020   Code   RO         3208    i.__mathlib_dbl_underflow  m_wm.l(dunder.o)
    0x08003478   0x08003478   0x000000b8   Code   RO          267    i.autoRange         main.o
    0x08003530   0x08003530   0x00000074   Code   RO          268    i.capacitanceFromImpedance  main.o
    0x080035a4   0x080035a4   0x00000018   Code   RO         3302    i.fabs              m_wm.l(fabs.o)
    0x080035bc   0x080035bc   0x00000058   Code   RO          269    i.impedanceFromVoltage  main.o
    0x08003614   0x08003614   0x0000005c   Code   RO          270    i.inductanceFromImpedance  main.o
    0x08003670   0x08003670   0x00000110   Code   RO          271    i.main              main.o
    0x08003780   0x08003780   0x00000014   Code   RO          272    i.outputLogic0      main.o
    0x08003794   0x08003794   0x00000010   Code   RO          273    i.outputLogic1      main.o
    0x080037a4   0x080037a4   0x00000014   Code   RO          274    i.outputLogic2      main.o
    0x080037b8   0x080037b8   0x000000a8   Code   RO          275    i.printCapacitance  main.o
    0x08003860   0x08003860   0x000000a8   Code   RO          276    i.printInductance   main.o
    0x08003908   0x08003908   0x000000a0   Code   RO          277    i.printResistance   main.o
    0x080039a8   0x080039a8   0x00000098   Code   RO          278    i.printTest         main.o
    0x08003a40   0x08003a40   0x0000002c   Code   RO         3286    locale$$code        c_w.l(lc_numeric_c.o)
    0x08003a6c   0x08003a6c   0x00000018   Code   RO         3188    x$fpl$basic         fz_wm.l(basic.o)
    0x08003a84   0x08003a84   0x00000062   Code   RO         3138    x$fpl$d2f           fz_wm.l(d2f.o)
    0x08003ae6   0x08003ae6   0x00000002   PAD
    0x08003ae8   0x08003ae8   0x00000150   Code   RO         3288    x$fpl$dadd          fz_wm.l(daddsub_clz.o)
    0x08003c38   0x08003c38   0x000002b0   Code   RO         3141    x$fpl$ddiv          fz_wm.l(ddiv.o)
    0x08003ee8   0x08003ee8   0x0000005e   Code   RO         3294    x$fpl$dfix          fz_wm.l(dfix.o)
    0x08003f46   0x08003f46   0x0000002e   Code   RO         3145    x$fpl$dflt          fz_wm.l(dflt_clz.o)
    0x08003f74   0x08003f74   0x00000026   Code   RO         3144    x$fpl$dfltu         fz_wm.l(dflt_clz.o)
    0x08003f9a   0x08003f9a   0x00000002   PAD
    0x08003f9c   0x08003f9c   0x00000154   Code   RO         3150    x$fpl$dmul          fz_wm.l(dmul.o)
    0x080040f0   0x080040f0   0x0000009c   Code   RO         3190    x$fpl$dnaninf       fz_wm.l(dnaninf.o)
    0x0800418c   0x0800418c   0x0000000c   Code   RO         3192    x$fpl$dretinf       fz_wm.l(dretinf.o)
    0x08004198   0x08004198   0x00000016   Code   RO         3289    x$fpl$drsb          fz_wm.l(daddsub_clz.o)
    0x080041ae   0x080041ae   0x00000002   PAD
    0x080041b0   0x080041b0   0x000001d4   Code   RO         3290    x$fpl$dsub          fz_wm.l(daddsub_clz.o)
    0x08004384   0x08004384   0x00000056   Code   RO         3152    x$fpl$f2d           fz_wm.l(f2d.o)
    0x080043da   0x080043da   0x0000008c   Code   RO         3194    x$fpl$fnaninf       fz_wm.l(fnaninf.o)
    0x08004466   0x08004466   0x0000000a   Code   RO         3384    x$fpl$fpinit        fz_wm.l(fpinit.o)
    0x08004470   0x08004470   0x0000000a   Code   RO         3196    x$fpl$fretinf       fz_wm.l(fretinf.o)
    0x0800447a   0x0800447a   0x00000004   Code   RO         3154    x$fpl$printf1       fz_wm.l(printf1.o)
    0x0800447e   0x0800447e   0x00000000   Code   RO         3198    x$fpl$usenofp       fz_wm.l(usenofp.o)
    0x0800447e   0x0800447e   0x00000010   Data   RO         3061    .constdata          system_stm32f4xx.o
    0x0800448e   0x0800448e   0x00000002   PAD
    0x08004490   0x08004490   0x00000030   Data   RO         3200    .constdata          m_wm.l(cos_i.o)
    0x080044c0   0x080044c0   0x000000c8   Data   RO         3218    .constdata          m_wm.l(rred.o)
    0x08004588   0x08004588   0x00000028   Data   RO         3222    .constdata          m_wm.l(sin_i.o)
    0x080045b0   0x080045b0   0x00000094   Data   RO         3261    .constdata          c_w.l(bigflt0.o)
    0x08004644   0x08004644   0x00000020   Data   RO         3455    Region$$Table       anon$$obj.o
    0x08004664   0x08004664   0x0000001c   Data   RO         3285    locale$$data        c_w.l(lc_numeric_c.o)


    Execution Region RW_IRAM1 (Exec base: 0x20000000, Load base: 0x08004680, Size: 0x00000c90, Max: 0x0001c000, ABSOLUTE)

    Exec Addr    Load Addr    Size         Type   Attr      Idx    E Section Name        Object

    0x20000000   0x08004680   0x00000001   Data   RW          591    .data               button.o
    0x20000001   0x08004681   0x00000003   PAD
    0x20000004   0x08004684   0x0000000c   Data   RW         1855    .data               stm32f4xx_hal.o
    0x20000010   0x08004690   0x00000004   Data   RW         3063    .data               system_stm32f4xx.o
    0x20000014        -       0x000000d8   Zero   RW          221    .bss                adc.o
    0x200000ec        -       0x00000540   Zero   RW          626    .bss                dac.o
    0x2000062c        -       0x00000060   Zero   RW         3311    .bss                c_w.l(libspace.o)
    0x2000068c   0x08004694   0x00000004   PAD
    0x20000690        -       0x00000200   Zero   RW            2    HEAP                startup_stm32f407xx.o
    0x20000890        -       0x00000400   Zero   RW            1    STACK               startup_stm32f407xx.o


    Execution Region RW_IRAM2 (Exec base: 0x2001c000, Load base: 0x08004694, Size: 0x00000000, Max: 0x00004000, ABSOLUTE)

    **** No section assigned to this execution region ****


==============================================================================

Image component sizes


      Code (inc. data)   RO Data    RW Data    ZI Data      Debug   Object Name

       444         46          0          0        216       4013   adc.o
        96         20          0          1          0       1789   button.o
       652         80          0          0       1344       2807   dac.o
         0          0          0          0          0     694568   lcd.o
      1568        236          0          0          0       9980   main.o
       756         46          0          0          0       7461   pb_lcd_drivers.o
        64         26        392          0       1536        868   startup_stm32f407xx.o
       180         28          0         12          0       9613   stm32f4xx_hal.o
      1200         52          0          0          0       6129   stm32f4xx_hal_adc.o
       172         14          0          0          0      33382   stm32f4xx_hal_cortex.o
       506         46          0          0          0       2263   stm32f4xx_hal_gpio.o
       236         26          0          0          0       1876   stm32f4xx_hal_msp.o
      1284         52          0          0          0       4146   stm32f4xx_hal_rcc.o
        20          0          0          0          0       4394   stm32f4xx_it.o
        16          4         16          4          0       1199   system_stm32f4xx.o

    ----------------------------------------------------------------------
      7212        676        442         20       3096     784488   Object Totals
         0          0         32          0          0          0   (incl. Generated)
        18          0          2          3          0          0   (incl. Padding)

    ----------------------------------------------------------------------

      Code (inc. data)   RO Data    RW Data    ZI Data      Debug   Library Member Name

         8          0          0          0          0         68   __main.o
       104          0          0          0          0         84   __printf.o
         0          0          0          0          0          0   __rtentry.o
        12          0          0          0          0          0   __rtentry2.o
         6          0          0          0          0          0   __rtentry4.o
        52          8          0          0          0          0   __scatter.o
        26          0          0          0          0          0   __scatter_copy.o
        28          0          0          0          0          0   __scatter_zi.o
         6          0          0          0          0          0   _printf_c.o
        44          0          0          0          0        108   _printf_char.o
        48          6          0          0          0         96   _printf_char_common.o
         6          0          0          0          0          0   _printf_d.o
       120         16          0          0          0         92   _printf_dec.o
         6          0          0          0          0          0   _printf_f.o
      1054          0          0          0          0        216   _printf_fp_dec.o
       128         16          0          0          0         84   _printf_fp_infnan.o
       178          0          0          0          0         88   _printf_intcommon.o
         0          0          0          0          0          0   _printf_percent.o
         4          0          0          0          0          0   _printf_percent_end.o
        82          0          0          0          0         80   _printf_str.o
        22          0          0          0          0        100   _rserrno.o
        16          0          0          0          0         68   _snputc.o
        10          0          0          0          0         68   _sputc.o
       228          4        148          0          0         96   bigflt0.o
      1936        128          0          0          0        672   btod.o
        18          0          0          0          0         80   exit.o
         6          0          0          0          0        152   heapauxi.o
         0          0          0          0          0          0   indicate_semi.o
        44         10         28          0          0         76   lc_numeric_c.o
         2          0          0          0          0          0   libinit.o
        22          0          0          0          0          0   libinit2.o
         2          0          0          0          0          0   libshutdown.o
         2          0          0          0          0          0   libshutdown2.o
         8          4          0          0         96         68   libspace.o
       138          0          0          0          0         80   lludiv10.o
       238          0          0          0          0        100   lludivv7m.o
        52          4          0          0          0         84   noretval__2snprintf.o
         8          4          0          0          0         68   rt_errno_addr_intlibspace.o
         8          4          0          0          0         68   rt_locale_intlibspace.o
        78          0          0          0          0         80   rt_memclr_w.o
         2          0          0          0          0          0   rtexit.o
        10          0          0          0          0          0   rtexit2.o
       128          0          0          0          0         68   strcmpv7m.o
        12          4          0          0          0         68   sys_exit.o
        74          0          0          0          0         80   sys_stackheap_outer.o
         2          0          0          0          0         68   use_no_semi.o
        24          0          0          0          0        164   basic.o
        98          4          0          0          0        140   d2f.o
       826         16          0          0          0        492   daddsub_clz.o
       688        140          0          0          0        256   ddiv.o
        94          4          0          0          0        140   dfix.o
        84          0          0          0          0        232   dflt_clz.o
       340         12          0          0          0        152   dmul.o
       156          4          0          0          0        140   dnaninf.o
        12          0          0          0          0        116   dretinf.o
        86          4          0          0          0        132   f2d.o
       140          4          0          0          0        132   fnaninf.o
        10          0          0          0          0        116   fpinit.o
        10          0          0          0          0        116   fretinf.o
         4          0          0          0          0        116   printf1.o
         0          0          0          0          0          0   usenofp.o
       368         46         48          0          0        200   cos_i.o
        84         16          0          0          0        372   dunder.o
        24          0          0          0          0        124   fabs.o
        48          0          0          0          0        124   fpclassify.o
       248          0          0          0          0        152   poly.o
      1080        142        200          0          0        188   rred.o
       200         20          0          0          0        164   sin.o
       304         24         40          0          0        208   sin_i.o

    ----------------------------------------------------------------------
      9930        644        464          0        100       7036   Library Totals
        24          0          0          0          4          0   (incl. Padding)

    ----------------------------------------------------------------------

      Code (inc. data)   RO Data    RW Data    ZI Data      Debug   Library Name

      4978        208        176          0         96       3060   c_w.l
      2572        188          0          0          0       2444   fz_wm.l
      2356        248        288          0          0       1532   m_wm.l

    ----------------------------------------------------------------------
      9930        644        464          0        100       7036   Library Totals

    ----------------------------------------------------------------------

==============================================================================


      Code (inc. data)   RO Data    RW Data    ZI Data      Debug   

     17142       1320        906         20       3196     781760   Grand Totals
     17142       1320        906         20       3196     781760   ELF Image Totals
     17142       1320        906         20          0          0   ROM Totals

==============================================================================

    Total RO  Size (Code + RO Data)                18048 (  17.63kB)
    Total RW  Size (RW Data + ZI Data)              3216 (   3.14kB)
    Total ROM Size (Code + RO Data + RW Data)      18068 (  17.64kB)

==============================================================================

