<html>
<body>
<pre>
<h1>µVision Build Log</h1>
<h2>Tool Versions:</h2>
IDE-Version: µVision V5.35.0.0
Copyright (C) 2021 ARM Ltd and ARM Germany GmbH. All rights reserved.
License Information: Support The Flex license: MDK Professional 5.35 (Flex) (mdk_pro) Operation stops: 20 Jan 2025
 
Tool Versions:
Toolchain:       MDK Professional 5.35 (Flex)  Version: 5.35.0.2
Toolchain Path:  c:\Keil_v5\ARM\ARMCC\Bin
C Compiler:      Armcc.exe V5.06 update 7 (build 960)
Assembler:       Armasm.exe V5.06 update 7 (build 960)
Linker/Locator:  ArmLink.exe V5.06 update 7 (build 960)
Library Manager: ArmAr.exe V5.06 update 7 (build 960)
Hex Converter:   FromElf.exe V5.06 update 7 (build 960)
CPU DLL:         SARMCM3.DLL V5.35.0.2
Dialog DLL:      DCM.DLL V1.17.3.0
Target DLL:      STLink\ST-LINKIII-KEIL_SWO.dll V3.0.9.0
Dialog DLL:      TCM.DLL V1.53.0.0
 
<h2>Project:</h2>
\\userfs\jw4034\w2k\Downloads\dct-2023-main (1)\dct-2023-main\MDK-ARM\jackie-mdkarm.uvprojx
Project File Date:  05/03/2023

<h2>Output:</h2>
*** Using Compiler 'V5.06 update 7 (build 960)', folder: 'c:\Keil_v5\ARM\ARMCC\Bin'
Build target 'jackie-mdkarm'
compiling main.c...
../Core/Src/button.h(3): warning:  #1-D: last line of file ends without a newline
  int Button_isPressed( void );
../Core/Src/dac.h(5): warning:  #1295-D: Deprecated declaration LUT_Init - give arg types
  void LUT_Init();
../Core/Src/dac.h(8): warning:  #1295-D: Deprecated declaration DAC_Init - give arg types
  void DAC_Init();
../Core/Src/dac.h(11): warning:  #1295-D: Deprecated declaration DAC_Output1kWave - give arg types
  void DAC_Output1kWave();
../Core/Src/dac.h(14): warning:  #1295-D: Deprecated declaration DAC_Output10kWave - give arg types
  void DAC_Output10kWave();
../Core/Src/dac.h(17): warning:  #1295-D: Deprecated declaration DAC_Output100kWave - give arg types
  void DAC_Output100kWave();
../Core/Src/dac.h(19): warning:  #1-D: last line of file ends without a newline
  #endif
../Core/Src/main.c(107): warning:  #940-D: missing return statement at end of non-void function "autoRange" 
  }
../Core/Src/main.c: 8 warnings, 0 errors
linking...
Program Size: Code=17142 RO-data=906 RW-data=20 ZI-data=3196  
FromELF: creating hex file...
"jackie-mdkarm\jackie-mdkarm.axf" - 0 Error(s), 8 Warning(s).

<h2>Software Packages used:</h2>

Package Vendor: ARM
                http://www.keil.com/pack/ARM.CMSIS.5.8.0.pack
                ARM.CMSIS.5.8.0
                CMSIS (Common Microcontroller Software Interface Standard)
   * Component: CORE Version: 5.5.0

Package Vendor: Keil
                http://www.keil.com/pack/Keil.STM32F4xx_DFP.2.15.0.pack
                Keil.STM32F4xx_DFP.2.15.0
                STMicroelectronics STM32F4 Series Device Support, Drivers and Examples

<h2>Collection of Component include folders:</h2>
  .\RTE\_jackie-mdkarm
  C:\KEIL_V5\ARM\PACK\ARM\CMSIS\5.8.0\CMSIS\Core\Include
  C:\KEIL_V5\ARM\PACK\Keil\STM32F4xx_DFP\2.15.0\Drivers\CMSIS\Device\ST\STM32F4xx\Include

<h2>Collection of Component Files used:</h2>

   * Component: ARM::CMSIS:CORE:5.5.0
      Include file:  CMSIS\Core\Include\tz_context.h
Build Time Elapsed:  00:00:07
</pre>
</body>
</html>
